Archive member included to satisfy reference by file (symbol)

C:/Program Files/STMicroelectronics/STM32Cube/STM32CubeIDE/plugins/com.st.stm32cube.ide.mcu.externaltools.gnu-tools-for-stm32.13.3.rel1.win32_1.0.0.202411081344/tools/bin/../lib/gcc/arm-none-eabi/13.3.1/../../../../arm-none-eabi/lib/thumb/v7-m/nofp\libc_nano.a(libc_a-exit.o)
                              C:/Program Files/STMicroelectronics/STM32Cube/STM32CubeIDE/plugins/com.st.stm32cube.ide.mcu.externaltools.gnu-tools-for-stm32.13.3.rel1.win32_1.0.0.202411081344/tools/bin/../lib/gcc/arm-none-eabi/13.3.1/../../../../arm-none-eabi/lib/thumb/v7-m/nofp/crt0.o (exit)
C:/Program Files/STMicroelectronics/STM32Cube/STM32CubeIDE/plugins/com.st.stm32cube.ide.mcu.externaltools.gnu-tools-for-stm32.13.3.rel1.win32_1.0.0.202411081344/tools/bin/../lib/gcc/arm-none-eabi/13.3.1/../../../../arm-none-eabi/lib/thumb/v7-m/nofp\libc_nano.a(libc_a-findfp.o)
                              C:/Program Files/STMicroelectronics/STM32Cube/STM32CubeIDE/plugins/com.st.stm32cube.ide.mcu.externaltools.gnu-tools-for-stm32.13.3.rel1.win32_1.0.0.202411081344/tools/bin/../lib/gcc/arm-none-eabi/13.3.1/../../../../arm-none-eabi/lib/thumb/v7-m/nofp\libc_nano.a(libc_a-exit.o) (__stdio_exit_handler)
C:/Program Files/STMicroelectronics/STM32Cube/STM32CubeIDE/plugins/com.st.stm32cube.ide.mcu.externaltools.gnu-tools-for-stm32.13.3.rel1.win32_1.0.0.202411081344/tools/bin/../lib/gcc/arm-none-eabi/13.3.1/../../../../arm-none-eabi/lib/thumb/v7-m/nofp\libc_nano.a(libc_a-fwalk.o)
                              C:/Program Files/STMicroelectronics/STM32Cube/STM32CubeIDE/plugins/com.st.stm32cube.ide.mcu.externaltools.gnu-tools-for-stm32.13.3.rel1.win32_1.0.0.202411081344/tools/bin/../lib/gcc/arm-none-eabi/13.3.1/../../../../arm-none-eabi/lib/thumb/v7-m/nofp\libc_nano.a(libc_a-findfp.o) (_fwalk_sglue)
C:/Program Files/STMicroelectronics/STM32Cube/STM32CubeIDE/plugins/com.st.stm32cube.ide.mcu.externaltools.gnu-tools-for-stm32.13.3.rel1.win32_1.0.0.202411081344/tools/bin/../lib/gcc/arm-none-eabi/13.3.1/../../../../arm-none-eabi/lib/thumb/v7-m/nofp\libc_nano.a(libc_a-stdio.o)
                              C:/Program Files/STMicroelectronics/STM32Cube/STM32CubeIDE/plugins/com.st.stm32cube.ide.mcu.externaltools.gnu-tools-for-stm32.13.3.rel1.win32_1.0.0.202411081344/tools/bin/../lib/gcc/arm-none-eabi/13.3.1/../../../../arm-none-eabi/lib/thumb/v7-m/nofp\libc_nano.a(libc_a-findfp.o) (__sread)
C:/Program Files/STMicroelectronics/STM32Cube/STM32CubeIDE/plugins/com.st.stm32cube.ide.mcu.externaltools.gnu-tools-for-stm32.13.3.rel1.win32_1.0.0.202411081344/tools/bin/../lib/gcc/arm-none-eabi/13.3.1/../../../../arm-none-eabi/lib/thumb/v7-m/nofp\libc_nano.a(libc_a-memcmp.o)
                              ./Core/Src/config.o (memcmp)
C:/Program Files/STMicroelectronics/STM32Cube/STM32CubeIDE/plugins/com.st.stm32cube.ide.mcu.externaltools.gnu-tools-for-stm32.13.3.rel1.win32_1.0.0.202411081344/tools/bin/../lib/gcc/arm-none-eabi/13.3.1/../../../../arm-none-eabi/lib/thumb/v7-m/nofp\libc_nano.a(libc_a-memset.o)
                              C:/Program Files/STMicroelectronics/STM32Cube/STM32CubeIDE/plugins/com.st.stm32cube.ide.mcu.externaltools.gnu-tools-for-stm32.13.3.rel1.win32_1.0.0.202411081344/tools/bin/../lib/gcc/arm-none-eabi/13.3.1/../../../../arm-none-eabi/lib/thumb/v7-m/nofp/crt0.o (memset)
C:/Program Files/STMicroelectronics/STM32Cube/STM32CubeIDE/plugins/com.st.stm32cube.ide.mcu.externaltools.gnu-tools-for-stm32.13.3.rel1.win32_1.0.0.202411081344/tools/bin/../lib/gcc/arm-none-eabi/13.3.1/../../../../arm-none-eabi/lib/thumb/v7-m/nofp\libc_nano.a(libc_a-closer.o)
                              C:/Program Files/STMicroelectronics/STM32Cube/STM32CubeIDE/plugins/com.st.stm32cube.ide.mcu.externaltools.gnu-tools-for-stm32.13.3.rel1.win32_1.0.0.202411081344/tools/bin/../lib/gcc/arm-none-eabi/13.3.1/../../../../arm-none-eabi/lib/thumb/v7-m/nofp\libc_nano.a(libc_a-stdio.o) (_close_r)
C:/Program Files/STMicroelectronics/STM32Cube/STM32CubeIDE/plugins/com.st.stm32cube.ide.mcu.externaltools.gnu-tools-for-stm32.13.3.rel1.win32_1.0.0.202411081344/tools/bin/../lib/gcc/arm-none-eabi/13.3.1/../../../../arm-none-eabi/lib/thumb/v7-m/nofp\libc_nano.a(libc_a-reent.o)
                              C:/Program Files/STMicroelectronics/STM32Cube/STM32CubeIDE/plugins/com.st.stm32cube.ide.mcu.externaltools.gnu-tools-for-stm32.13.3.rel1.win32_1.0.0.202411081344/tools/bin/../lib/gcc/arm-none-eabi/13.3.1/../../../../arm-none-eabi/lib/thumb/v7-m/nofp\libc_nano.a(libc_a-closer.o) (errno)
C:/Program Files/STMicroelectronics/STM32Cube/STM32CubeIDE/plugins/com.st.stm32cube.ide.mcu.externaltools.gnu-tools-for-stm32.13.3.rel1.win32_1.0.0.202411081344/tools/bin/../lib/gcc/arm-none-eabi/13.3.1/../../../../arm-none-eabi/lib/thumb/v7-m/nofp\libc_nano.a(libc_a-impure.o)
[...]
Memory Configuration

Name             Origin             Length             Attributes
RAM              0x20000000         0x00005000         xrw
FLASH            0x08000000         0x00020000         xr
*default*        0x00000000         0xffffffff

Linker script and memory map

LOAD C:/Program Files/STMicroelectronics/STM32Cube/STM32CubeIDE/plugins/com.st.stm32cube.ide.mcu.externaltools.gnu-tools-for-stm32.13.3.rel1.win32_1.0.0.202411081344/tools/bin/../lib/gcc/arm-none-eabi/13.3.1/thumb/v7-m/nofp/crti.o
LOAD C:/Program Files/STMicroelectronics/STM32Cube/STM32CubeIDE/plugins/com.st.stm32cube.ide.mcu.externaltools.gnu-tools-for-stm32.13.3.rel1.win32_1.0.0.202411081344/tools/bin/../lib/gcc/arm-none-eabi/13.3.1/thumb/v7-m/nofp/crtbegin.o
LOAD C:/Program Files/STMicroelectronics/STM32Cube/STM32CubeIDE/plugins/com.st.stm32cube.ide.mcu.externaltools.gnu-tools-for-stm32.13.3.rel1.win32_1.0.0.202411081344/tools/bin/../lib/gcc/arm-none-eabi/13.3.1/../../../../arm-none-eabi/lib/thumb/v7-m/nofp/crt0.o
LOAD ./Core/Src/adc.o
LOAD ./Core/Src/config.o
LOAD ./Core/Src/globals.o
LOAD ./Core/Src/main.o
LOAD ./Core/Src/modbus.o
LOAD ./Core/Src/stm32f1xx_hal_msp.o
LOAD ./Core/Src/stm32f1xx_it.o
LOAD ./Core/Src/syscalls.o
LOAD ./Core/Src/system_stm32f1xx.o
LOAD ./Core/Src/utilities.o
LOAD ./Core/Startup/startup_stm32f103cbtx.o
LOAD ./Drivers/STM32F1xx_HAL_Driver/Src/stm32f1xx_hal.o
LOAD ./Drivers/STM32F1xx_HAL_Driver/Src/stm32f1xx_hal_adc.o
LOAD ./Drivers/STM32F1xx_HAL_Driver/Src/stm32f1xx_hal_adc_ex.o
LOAD ./Drivers/STM32F1xx_HAL_Driver/Src/stm32f1xx_hal_cortex.o
LOAD ./Drivers/STM32F1xx_HAL_Driver/Src/stm32f1xx_hal_dma.o
LOAD ./Drivers/STM32F1xx_HAL_Driver/Src/stm32f1xx_hal_exti.o
LOAD ./Drivers/STM32F1xx_HAL_Driver/Src/stm32f1xx_hal_flash.o
LOAD ./Drivers/STM32F1xx_HAL_Driver/Src/stm32f1xx_hal_flash_ex.o
LOAD ./Drivers/STM32F1xx_HAL_Driver/Src/stm32f1xx_hal_gpio.o
LOAD ./Drivers/STM32F1xx_HAL_Driver/Src/stm32f1xx_hal_gpio_ex.o
LOAD ./Drivers/STM32F1xx_HAL_Driver/Src/stm32f1xx_hal_pwr.o
LOAD ./Drivers/STM32F1xx_HAL_Driver/Src/stm32f1xx_hal_rcc.o
LOAD ./Drivers/STM32F1xx_HAL_Driver/Src/stm32f1xx_hal_rcc_ex.o
LOAD ./Drivers/STM32F1xx_HAL_Driver/Src/stm32f1xx_hal_tim.o
LOAD ./Drivers/STM32F1xx_HAL_Driver/Src/stm32f1xx_hal_tim_ex.o
LOAD ./Drivers/STM32F1xx_HAL_Driver/Src/stm32f1xx_hal_uart.o
START GROUP
LOAD C:/Program Files/STMicroelectronics/STM32Cube/STM32CubeIDE/plugins/com.st.stm32cube.ide.mcu.externaltools.gnu-tools-for-stm32.13.3.rel1.win32_1.0.0.202411081344/tools/bin/../lib/gcc/arm-none-eabi/13.3.1/../../../../arm-none-eabi/lib/thumb/v7-m/nofp\libc_nano.a
LOAD C:/Program Files/STMicroelectronics/STM32Cube/STM32CubeIDE/plugins/com.st.stm32cube.ide.mcu.externaltools.gnu-tools-for-stm32.13.3.rel1.win32_1.0.0.202411081344/tools/bin/../lib/gcc/arm-none-eabi/13.3.1/../../../../arm-none-eabi/lib/thumb/v7-m/nofp\libm.a
END GROUP
START GROUP
LOAD C:/Program Files/STMicroelectronics/STM32Cube/STM32CubeIDE/plugins/com.st.stm32cube.ide.mcu.externaltools.gnu-tools-for-stm32.13.3.rel1.win32_1.0.0.202411081344/tools/bin/../lib/gcc/arm-none-eabi/13.3.1/thumb/v7-m/nofp\libgcc.a
LOAD C:/Program Files/STMicroelectronics/STM32Cube/STM32CubeIDE/plugins/com.st.stm32cube.ide.mcu.externaltools.gnu-tools-for-stm32.13.3.rel1.win32_1.0.0.202411081344/tools/bin/../lib/gcc/arm-none-eabi/13.3.1/../../../../arm-none-eabi/lib/thumb/v7-m/nofp\libc_nano.a
END GROUP
START GROUP
LOAD C:/Program Files/STMicroelectronics/STM32Cube/STM32CubeIDE/plugins/com.st.stm32cube.ide.mcu.externaltools.gnu-tools-for-stm32.13.3.rel1.win32_1.0.0.202411081344/tools/bin/../lib/gcc/arm-none-eabi/13.3.1/thumb/v7-m/nofp\libgcc.a
LOAD C:/Program Files/STMicroelectronics/STM32Cube/STM32CubeIDE/plugins/com.st.stm32cube.ide.mcu.externaltools.gnu-tools-for-stm32.13.3.rel1.win32_1.0.0.202411081344/tools/bin/../lib/gcc/arm-none-eabi/13.3.1/../../../../arm-none-eabi/lib/thumb/v7-m/nofp\libc_nano.a
LOAD C:/Program Files/STMicroelectronics/STM32Cube/STM32CubeIDE/plugins/com.st.stm32cube.ide.mcu.externaltools.gnu-tools-for-stm32.13.3.rel1.win32_1.0.0.202411081344/tools/bin/../lib/gcc/arm-none-eabi/13.3.1/../../../../arm-none-eabi/lib/thumb/v7-m/nofp\libnosys.a
END GROUP
START GROUP
LOAD C:/Program Files/STMicroelectronics/STM32Cube/STM32CubeIDE/plugins/com.st.stm32cube.ide.mcu.externaltools.gnu-tools-for-stm32.13.3.rel1.win32_1.0.0.202411081344/tools/bin/../lib/gcc/arm-none-eabi/13.3.1/thumb/v7-m/nofp\libgcc.a
LOAD C:/Program Files/STMicroelectronics/STM32Cube/STM32CubeIDE/plugins/com.st.stm32cube.ide.mcu.externaltools.gnu-tools-for-stm32.13.3.rel1.win32_1.0.0.202411081344/tools/bin/../lib/gcc/arm-none-eabi/13.3.1/../../../../arm-none-eabi/lib/thumb/v7-m/nofp\libc_nano.a
LOAD C:/Program Files/STMicroelectronics/STM32Cube/STM32CubeIDE/plugins/com.st.stm32cube.ide.mcu.externaltools.gnu-tools-for-stm32.13.3.rel1.win32_1.0.0.202411081344/tools/bin/../lib/gcc/arm-none-eabi/13.3.1/../../../../arm-none-eabi/lib/thumb/v7-m/nofp\libnosys.a
END GROUP
LOAD C:/Program Files/STMicroelectronics/STM32Cube/STM32CubeIDE/plugins/com.st.stm32cube.ide.mcu.externaltools.gnu-tools-for-stm32.13.3.rel1.win32_1.0.0.202411081344/tools/bin/../lib/gcc/arm-none-eabi/13.3.1/thumb/v7-m/nofp/crtend.o
LOAD C:/Program Files/STMicroelectronics/STM32Cube/STM32CubeIDE/plugins/com.st.stm32cube.ide.mcu.externaltools.gnu-tools-for-stm32.13.3.rel1.win32_1.0.0.202411081344/tools/bin/../lib/gcc/arm-none-eabi/13.3.1/thumb/v7-m/nofp/crtn.o
                0x20005000                        _estack = (ORIGIN (RAM) + LENGTH (RAM))
                0x00000200                        _Min_Heap_Size = 0x200
                0x00000400                        _Min_Stack_Size = 0x400

.isr_vector     0x08000000      0x10c
                0x08000000                        . = ALIGN (0x4)
 *(.isr_vector)
 .isr_vector    0x08000000      0x10c ./Core/Startup/startup_stm32f103cbtx.o
                0x08000000                g_pfnVectors
                0x0800010c                        . = ALIGN (0x4)

.text           0x0800010c     0x7284
                0x0800010c                        . = ALIGN (0x4)
 *(.text)
 .text          0x0800010c       0x40 C:/Program Files/STMicroelectronics/STM32Cube/STM32CubeIDE/plugins/com.st.stm32cube.ide.mcu.externaltools.gnu-tools-for-stm32.13.3.rel1.win32_1.0.0.202411081344/tools/bin/../lib/gcc/arm-none-eabi/13.3.1/thumb/v7-m/nofp/crtbegin.o
 .text          0x0800014c      0x21c C:/Program Files/STMicroelectronics/STM32Cube/STM32CubeIDE/plugins/com.st.stm32cube.ide.mcu.externaltools.gnu-tools-for-stm32.13.3.rel1.win32_1.0.0.202411081344/tools/bin/../lib/gcc/arm-none-eabi/13.3.1/thumb/v7-m/nofp\libgcc.a(_arm_addsubsf3.o)
                0x0800014c                __aeabi_frsub
                0x08000154                __subsf3
                0x08000154                __aeabi_fsub
                0x08000158                __aeabi_fadd
                0x08000158                __addsf3
                0x080002b8                __aeabi_ui2f
                0x080002b8                __floatunsisf
                0x080002c0                __aeabi_i2f
                0x080002c0                __floatsisf
                0x080002dc                __aeabi_ul2f
                0x080002dc                __floatundisf
                0x080002ec                __aeabi_l2f
                0x080002ec                __floatdisf
 .text          0x08000368      0x2a0 C:/Program Files/STMicroelectronics/STM32Cube/STM32CubeIDE/plugins/com.st.stm32cube.ide.mcu.externaltools.gnu-tools-for-stm32.13.3.rel1.win32_1.0.0.202411081344/tools/bin/../lib/gcc/arm-none-eabi/13.3.1/thumb/v7-m/nofp\libgcc.a(_arm_muldivsf3.o)
                0x08000368                __mulsf3
                0x08000368                __aeabi_fmul
                0x080004d0                __aeabi_fdiv
                0x080004d0                __divsf3
 .text          0x08000608       0x40 C:/Program Files/STMicroelectronics/STM32Cube/STM32CubeIDE/plugins/com.st.stm32cube.ide.mcu.externaltools.gnu-tools-for-stm32.13.3.rel1.win32_1.0.0.202411081344/tools/bin/../lib/gcc/arm-none-eabi/13.3.1/thumb/v7-m/nofp\libgcc.a(_arm_fixunssfsi.o)
                0x08000608                __fixunssfsi
                0x08000608                __aeabi_f2uiz
 *(.text*)
 .text.ADC_Read_VREFINT
                0x08000648       0xa4 ./Core/Src/adc.o
                0x08000648                ADC_Read_VREFINT
 .text.ADC_Get_Actual_VREF
                0x080006ec       0x78 ./Core/Src/adc.o
                0x080006ec                ADC_Get_Actual_VREF
 .text.ADC_Init_Start
                0x08000764       0xd8 ./Core/Src/adc.o
                0x08000764                ADC_Init_Start
 .text.ADC_Set_Poll_Period
                0x0800083c       0x74 ./Core/Src/adc.o
                0x0800083c                ADC_Set_Poll_Period
 .text.ADC_Update_Filter
                0x080008b0      0x198 ./Core/Src/adc.o
                0x080008b0                ADC_Update_Filter
 .text.ADC_Get_Latest_Raw_Value
                0x08000a48       0x38 ./Core/Src/adc.o
                0x08000a48                ADC_Get_Latest_Raw_Value
 .text.ADC_Get_Filtered_Raw_Value
                0x08000a80       0x2c ./Core/Src/adc.o
                0x08000a80                ADC_Get_Filtered_Raw_Value
 .text.ADC_Get_Scaled_Value
                0x08000aac       0xdc ./Core/Src/adc.o
                0x08000aac                ADC_Get_Scaled_Value
 .text.HAL_ADC_ErrorCallback
                0x08000b88       0x34 ./Core/Src/adc.o
                0x08000b88                HAL_ADC_ErrorCallback
 .text.CONFIG_Initialize_Previous_Registers
                0x08000bbc       0x24 ./Core/Src/config.o
 .text.CONFIG_Load
                0x08000be0       0xcc ./Core/Src/config.o
                0x08000be0                CONFIG_Load
 .text.CONFIG_Save
                0x08000cac      0x1a8 ./Core/Src/config.o
                0x08000cac                CONFIG_Save
 .text.CONFIG_Reset_Communication_Settings
                0x08000e54       0xa0 ./Core/Src/config.o
                0x08000e54                CONFIG_Reset_Communication_Settings
 .text.CONFIG_Set_Defaults
                0x08000ef4       0xd4 ./Core/Src/config.o
                0x08000ef4                CONFIG_Set_Defaults
 .text.CONFIG_Calculate_CRC
                0x08000fc8       0x18 ./Core/Src/config.o
                0x08000fc8                CONFIG_Calculate_CRC
 .text.CONFIG_Check_Flash_Ready
                0x08000fe0       0x60 ./Core/Src/config.o
 .text.CONFIG_Verify_Flash_Data
                0x08001040       0x4c ./Core/Src/config.o
 .text.HAL_GetTick
                0x0800108c        0xe ./Core/Src/globals.o
                0x0800108c                HAL_GetTick
 *fill*         0x0800109a        0x2 
 .text.GET_TICKS
                0x0800109c       0x24 ./Core/Src/globals.o
                0x0800109c                GET_TICKS
 .text.TICKS_ELAPSED
                0x080010c0       0x48 ./Core/Src/globals.o
                0x080010c0                TICKS_ELAPSED
 .text.HARDWARE_DELAY
                0x08001108       0x30 ./Core/Src/globals.o
                0x08001108                HARDWARE_DELAY
 .text.main     0x08001138       0xb4 ./Core/Src/main.o
                0x08001138                main
 .text.SystemClock_Config
                0x080011ec       0xb6 ./Core/Src/main.o
                0x080011ec                SystemClock_Config
 *fill*         0x080012a2        0x2 
 .text.MX_ADC1_Init
                0x080012a4       0x98 ./Core/Src/main.o
 .text.MX_TIM2_Init
                0x0800133c       0xac ./Core/Src/main.o
 .text.MX_TIM3_Init
                0x080013e8       0x9c ./Core/Src/main.o
 .text.MX_TIM4_Init
                0x08001484       0x9c ./Core/Src/main.o
 .text.MX_USART2_UART_Init
                0x08001520       0x64 ./Core/Src/main.o
 .text.MX_DMA_Init
                0x08001584       0x5c ./Core/Src/main.o
 .text.MX_GPIO_Init
                0x080015e0      0x110 ./Core/Src/main.o
 .text.System_Timers_Init
                0x080016f0       0x28 ./Core/Src/main.o
 .text.Check_Reset_Button
                0x08001718       0x6c ./Core/Src/main.o
 .text.Reset_Communication_Settings
                0x08001784        0xc ./Core/Src/main.o
 .text.HAL_TIM_PeriodElapsedCallback
                0x08001790       0x1e ./Core/Src/main.o
                0x08001790                HAL_TIM_PeriodElapsedCallback
 .text.HAL_ADC_ConvCpltCallback
                0x080017ae       0x12 ./Core/Src/main.o
                0x080017ae                HAL_ADC_ConvCpltCallback
 .text.Error_Handler
                0x080017c0        0xc ./Core/Src/main.o
                0x080017c0                Error_Handler
 .text.MODBUS_Set_Timeout_Pulse
                0x080017cc       0x40 ./Core/Src/modbus.o
                0x080017cc                MODBUS_Set_Timeout_Pulse
 .text.MODBUS_Calculate_Timeout_Value
                0x0800180c       0x58 ./Core/Src/modbus.o
                0x0800180c                MODBUS_Calculate_Timeout_Value
 .text.MODBUS_Start_Char_Timeout
                0x08001864       0x38 ./Core/Src/modbus.o
                0x08001864                MODBUS_Start_Char_Timeout
 .text.MODBUS_Stop_Char_Timeout
                0x0800189c       0x28 ./Core/Src/modbus.o
                0x0800189c                MODBUS_Stop_Char_Timeout
 .text.MODBUS_Timeout_Handler
                0x080018c4       0x40 ./Core/Src/modbus.o
                0x080018c4                MODBUS_Timeout_Handler
 .text.MODBUS_Check_Write_Permission
                0x08001904       0x70 ./Core/Src/modbus.o
                0x08001904                MODBUS_Check_Write_Permission
 .text.MODBUS_Process_Access_Password
                0x08001974       0x44 ./Core/Src/modbus.o
                0x08001974                MODBUS_Process_Access_Password
 .text.MODBUS_Check_Register_Changes
                0x080019b8       0xc8 ./Core/Src/modbus.o
 .text.MODBUS_Check_Config_Changes
                0x08001a80       0x34 ./Core/Src/modbus.o
                0x08001a80                MODBUS_Check_Config_Changes
 .text.MODBUS_Set_RS485_TX
                0x08001ab4       0x28 ./Core/Src/modbus.o
                0x08001ab4                MODBUS_Set_RS485_TX
 .text.MODBUS_Set_RS485_RX
                0x08001adc       0x28 ./Core/Src/modbus.o
                0x08001adc                MODBUS_Set_RS485_RX
 .text.MODBUS_Process
                0x08001b04       0x84 ./Core/Src/modbus.o
                0x08001b04                MODBUS_Process
 .text.MODBUS_Apply_Config
                0x08001b88      0x128 ./Core/Src/modbus.o
                0x08001b88                MODBUS_Apply_Config
 .text.MODBUS_Process_Request
                0x08001cb0       0xb0 ./Core/Src/modbus.o
 .text.MODBUS_Process_Read_Holding
                0x08001d60      0x170 ./Core/Src/modbus.o
 .text.MODBUS_Process_Write_Single
                0x08001ed0      0x180 ./Core/Src/modbus.o
 .text.MODBUS_Process_Write_Multiple
                0x08002050      0x214 ./Core/Src/modbus.o
 .text.MODBUS_Send_Exception
                0x08002264       0x68 ./Core/Src/modbus.o
 .text.HAL_UART_TxCpltCallback
                0x080022cc       0x24 ./Core/Src/modbus.o
                0x080022cc                HAL_UART_TxCpltCallback
 .text.HAL_UART_ErrorCallback
                0x080022f0       0x44 ./Core/Src/modbus.o
                0x080022f0                HAL_UART_ErrorCallback
 .text.HAL_MspInit
                0x08002334       0x64 ./Core/Src/stm32f1xx_hal_msp.o
                0x08002334                HAL_MspInit
 .text.HAL_ADC_MspInit
                0x08002398       0xe4 ./Core/Src/stm32f1xx_hal_msp.o
                0x08002398                HAL_ADC_MspInit
 .text.HAL_TIM_Base_MspInit
                0x0800247c       0xb8 ./Core/Src/stm32f1xx_hal_msp.o
                0x0800247c                HAL_TIM_Base_MspInit
 .text.HAL_UART_MspInit
                0x08002534      0x154 ./Core/Src/stm32f1xx_hal_msp.o
                0x08002534                HAL_UART_MspInit
 .text.HAL_UART_MspDeInit
                0x08002688       0x54 ./Core/Src/stm32f1xx_hal_msp.o
                0x08002688                HAL_UART_MspDeInit
 .text.__NVIC_SystemReset
                0x080026dc       0x2c ./Core/Src/stm32f1xx_it.o
 .text.NMI_Handler
                0x08002708        0x8 ./Core/Src/stm32f1xx_it.o
                0x08002708                NMI_Handler
 .text.HardFault_Handler
                0x08002710        0x8 ./Core/Src/stm32f1xx_it.o
                0x08002710                HardFault_Handler
 .text.MemManage_Handler
                0x08002718        0x8 ./Core/Src/stm32f1xx_it.o
                0x08002718                MemManage_Handler
 .text.BusFault_Handler
                0x08002720        0x8 ./Core/Src/stm32f1xx_it.o
                0x08002720                BusFault_Handler
 .text.UsageFault_Handler
                0x08002728        0x8 ./Core/Src/stm32f1xx_it.o
                0x08002728                UsageFault_Handler
 .text.SVC_Handler
                0x08002730        0xc ./Core/Src/stm32f1xx_it.o
                0x08002730                SVC_Handler
 .text.DebugMon_Handler
                0x0800273c        0xc ./Core/Src/stm32f1xx_it.o
                0x0800273c                DebugMon_Handler
 .text.PendSV_Handler
                0x08002748        0xc ./Core/Src/stm32f1xx_it.o
                0x08002748                PendSV_Handler
 .text.SysTick_Handler
                0x08002754        0xc ./Core/Src/stm32f1xx_it.o
                0x08002754                SysTick_Handler
 .text.DMA1_Channel1_IRQHandler
                0x08002760       0x14 ./Core/Src/stm32f1xx_it.o
                0x08002760                DMA1_Channel1_IRQHandler
 .text.DMA1_Channel6_IRQHandler
                0x08002774       0x14 ./Core/Src/stm32f1xx_it.o
                0x08002774                DMA1_Channel6_IRQHandler
 .text.DMA1_Channel7_IRQHandler
                0x08002788       0x14 ./Core/Src/stm32f1xx_it.o
                0x08002788                DMA1_Channel7_IRQHandler
 .text.ADC1_2_IRQHandler
                0x0800279c       0x14 ./Core/Src/stm32f1xx_it.o
                0x0800279c                ADC1_2_IRQHandler
 .text.TIM2_IRQHandler
                0x080027b0       0x14 ./Core/Src/stm32f1xx_it.o
                0x080027b0                TIM2_IRQHandler
 .text.TIM3_IRQHandler
                0x080027c4       0x30 ./Core/Src/stm32f1xx_it.o
                0x080027c4                TIM3_IRQHandler
 .text.TIM4_IRQHandler
                0x080027f4       0x3c ./Core/Src/stm32f1xx_it.o
                0x080027f4                TIM4_IRQHandler
 .text.USART2_IRQHandler
                0x08002830       0xb4 ./Core/Src/stm32f1xx_it.o
                0x08002830                USART2_IRQHandler
 .text.SystemInit
                0x080028e4        0xc ./Core/Src/system_stm32f1xx.o
                0x080028e4                SystemInit
 .text.UTILITIES_Calculate_CRC32
                0x080028f0       0x58 ./Core/Src/utilities.o
                0x080028f0                UTILITIES_Calculate_CRC32
 .text.UTILITIES_Calculate_CRC16
                0x08002948       0x8e ./Core/Src/utilities.o
                0x08002948                UTILITIES_Calculate_CRC16
 *fill*         0x080029d6        0x2 
 .text.UTILITIES_Delay_US
                0x080029d8       0x58 ./Core/Src/utilities.o
                0x080029d8                UTILITIES_Delay_US
 .text.Reset_Handler
                0x08002a30       0x48 ./Core/Startup/startup_stm32f103cbtx.o
                0x08002a30                Reset_Handler
 .text.Default_Handler
                0x08002a78        0x2 ./Core/Startup/startup_stm32f103cbtx.o
                0x08002a78                RTC_Alarm_IRQHandler
                0x08002a78                EXTI2_IRQHandler
                0x08002a78                TIM1_CC_IRQHandler
                0x08002a78                PVD_IRQHandler
                0x08002a78                EXTI3_IRQHandler
                0x08002a78                EXTI0_IRQHandler
                0x08002a78                I2C2_EV_IRQHandler
                0x08002a78                SPI1_IRQHandler
                0x08002a78                TAMPER_IRQHandler
                0x08002a78                DMA1_Channel4_IRQHandler
                0x08002a78                USART3_IRQHandler
                0x08002a78                RTC_IRQHandler
                0x08002a78                CAN1_RX1_IRQHandler
                0x08002a78                I2C1_EV_IRQHandler
                0x08002a78                RCC_IRQHandler
                0x08002a78                TIM1_TRG_COM_IRQHandler
                0x08002a78                Default_Handler
                0x08002a78                EXTI15_10_IRQHandler
                0x08002a78                EXTI9_5_IRQHandler
                0x08002a78                SPI2_IRQHandler
                0x08002a78                DMA1_Channel5_IRQHandler
                0x08002a78                EXTI4_IRQHandler
                0x08002a78                USB_LP_CAN1_RX0_IRQHandler
                0x08002a78                USB_HP_CAN1_TX_IRQHandler
                0x08002a78                DMA1_Channel3_IRQHandler
                0x08002a78                TIM1_UP_IRQHandler
                0x08002a78                WWDG_IRQHandler
                0x08002a78                TIM1_BRK_IRQHandler
                0x08002a78                EXTI1_IRQHandler
                0x08002a78                I2C2_ER_IRQHandler
                0x08002a78                DMA1_Channel2_IRQHandler
                0x08002a78                CAN1_SCE_IRQHandler
                0x08002a78                FLASH_IRQHandler
                0x08002a78                USART1_IRQHandler
                0x08002a78                I2C1_ER_IRQHandler
                0x08002a78                USBWakeUp_IRQHandler
 *fill*         0x08002a7a        0x2 
 .text.HAL_Init
                0x08002a7c       0x2c ./Drivers/STM32F1xx_HAL_Driver/Src/stm32f1xx_hal.o
                0x08002a7c                HAL_Init
 .text.HAL_InitTick
                0x08002aa8       0x60 ./Drivers/STM32F1xx_HAL_Driver/Src/stm32f1xx_hal.o
                0x08002aa8                HAL_InitTick
 .text.HAL_IncTick
                0x08002b08       0x24 ./Drivers/STM32F1xx_HAL_Driver/Src/stm32f1xx_hal.o
                0x08002b08                HAL_IncTick
 .text.HAL_SuspendTick
                0x08002b2c       0x1c ./Drivers/STM32F1xx_HAL_Driver/Src/stm32f1xx_hal.o
                0x08002b2c                HAL_SuspendTick
 .text.HAL_ADC_Init
                0x08002b48      0x1b0 ./Drivers/STM32F1xx_HAL_Driver/Src/stm32f1xx_hal_adc.o
                0x08002b48                HAL_ADC_Init
 .text.HAL_ADC_Start
                0x08002cf8      0x15c ./Drivers/STM32F1xx_HAL_Driver/Src/stm32f1xx_hal_adc.o
                0x08002cf8                HAL_ADC_Start
 .text.HAL_ADC_Stop
                0x08002e54       0x58 ./Drivers/STM32F1xx_HAL_Driver/Src/stm32f1xx_hal_adc.o
                0x08002e54                HAL_ADC_Stop
 .text.HAL_ADC_PollForConversion
                0x08002eac      0x20c ./Drivers/STM32F1xx_HAL_Driver/Src/stm32f1xx_hal_adc.o
                0x08002eac                HAL_ADC_PollForConversion
 .text.HAL_ADC_Start_DMA
                0x080030b8      0x1bc ./Drivers/STM32F1xx_HAL_Driver/Src/stm32f1xx_hal_adc.o
                0x080030b8                HAL_ADC_Start_DMA
 .text.HAL_ADC_Stop_DMA
                0x08003274       0x98 ./Drivers/STM32F1xx_HAL_Driver/Src/stm32f1xx_hal_adc.o
                0x08003274                HAL_ADC_Stop_DMA
 .text.HAL_ADC_GetValue
                0x0800330c       0x18 ./Drivers/STM32F1xx_HAL_Driver/Src/stm32f1xx_hal_adc.o
                0x0800330c                HAL_ADC_GetValue
 .text.HAL_ADC_IRQHandler
                0x08003324      0x17e ./Drivers/STM32F1xx_HAL_Driver/Src/stm32f1xx_hal_adc.o
                0x08003324                HAL_ADC_IRQHandler
 .text.HAL_ADC_ConvHalfCpltCallback
                0x080034a2       0x12 ./Drivers/STM32F1xx_HAL_Driver/Src/stm32f1xx_hal_adc.o
                0x080034a2                HAL_ADC_ConvHalfCpltCallback
 .text.HAL_ADC_LevelOutOfWindowCallback
                0x080034b4       0x12 ./Drivers/STM32F1xx_HAL_Driver/Src/stm32f1xx_hal_adc.o
                0x080034b4                HAL_ADC_LevelOutOfWindowCallback
 *fill*         0x080034c6        0x2 
 .text.HAL_ADC_ConfigChannel
                0x080034c8      0x1f0 ./Drivers/STM32F1xx_HAL_Driver/Src/stm32f1xx_hal_adc.o
                0x080034c8                HAL_ADC_ConfigChannel
 .text.ADC_Enable
                0x080036b8       0xb4 ./Drivers/STM32F1xx_HAL_Driver/Src/stm32f1xx_hal_adc.o
                0x080036b8                ADC_Enable
 .text.ADC_ConversionStop_Disable
                0x0800376c       0x82 ./Drivers/STM32F1xx_HAL_Driver/Src/stm32f1xx_hal_adc.o
                0x0800376c                ADC_ConversionStop_Disable
 .text.ADC_DMAConvCplt
                0x080037ee       0x7c ./Drivers/STM32F1xx_HAL_Driver/Src/stm32f1xx_hal_adc.o
                0x080037ee                ADC_DMAConvCplt
 .text.ADC_DMAHalfConvCplt
                0x0800386a       0x1c ./Drivers/STM32F1xx_HAL_Driver/Src/stm32f1xx_hal_adc.o
                0x0800386a                ADC_DMAHalfConvCplt
 .text.ADC_DMAError
                0x08003886       0x34 ./Drivers/STM32F1xx_HAL_Driver/Src/stm32f1xx_hal_adc.o
                0x08003886                ADC_DMAError
 *fill*         0x080038ba        0x2 
 .text.HAL_ADCEx_Calibration_Start
                0x080038bc      0x15c ./Drivers/STM32F1xx_HAL_Driver/Src/stm32f1xx_hal_adc_ex.o
                0x080038bc                HAL_ADCEx_Calibration_Start
 .text.HAL_ADCEx_InjectedConvCpltCallback
                0x08003a18       0x12 ./Drivers/STM32F1xx_HAL_Driver/Src/stm32f1xx_hal_adc_ex.o
                0x08003a18                HAL_ADCEx_InjectedConvCpltCallback
 *fill*         0x08003a2a        0x2 
 .text.__NVIC_SetPriorityGrouping
                0x08003a2c       0x48 ./Drivers/STM32F1xx_HAL_Driver/Src/stm32f1xx_hal_cortex.o
 .text.__NVIC_GetPriorityGrouping
                0x08003a74       0x1c ./Drivers/STM32F1xx_HAL_Driver/Src/stm32f1xx_hal_cortex.o
 .text.__NVIC_EnableIRQ
                0x08003a90       0x38 ./Drivers/STM32F1xx_HAL_Driver/Src/stm32f1xx_hal_cortex.o
 .text.__NVIC_DisableIRQ
                0x08003ac8       0x48 ./Drivers/STM32F1xx_HAL_Driver/Src/stm32f1xx_hal_cortex.o
 .text.__NVIC_SetPriority
                0x08003b10       0x54 ./Drivers/STM32F1xx_HAL_Driver/Src/stm32f1xx_hal_cortex.o
 .text.NVIC_EncodePriority
                0x08003b64       0x64 ./Drivers/STM32F1xx_HAL_Driver/Src/stm32f1xx_hal_cortex.o
 .text.SysTick_Config
                0x08003bc8       0x44 ./Drivers/STM32F1xx_HAL_Driver/Src/stm32f1xx_hal_cortex.o
 .text.HAL_NVIC_SetPriorityGrouping
                0x08003c0c       0x16 ./Drivers/STM32F1xx_HAL_Driver/Src/stm32f1xx_hal_cortex.o
                0x08003c0c                HAL_NVIC_SetPriorityGrouping
 .text.HAL_NVIC_SetPriority
                0x08003c22       0x38 ./Drivers/STM32F1xx_HAL_Driver/Src/stm32f1xx_hal_cortex.o
                0x08003c22                HAL_NVIC_SetPriority
 .text.HAL_NVIC_EnableIRQ
                0x08003c5a       0x1c ./Drivers/STM32F1xx_HAL_Driver/Src/stm32f1xx_hal_cortex.o
                0x08003c5a                HAL_NVIC_EnableIRQ
 .text.HAL_NVIC_DisableIRQ
                0x08003c76       0x1c ./Drivers/STM32F1xx_HAL_Driver/Src/stm32f1xx_hal_cortex.o
                0x08003c76                HAL_NVIC_DisableIRQ
 .text.HAL_SYSTICK_Config
                0x08003c92       0x18 ./Drivers/STM32F1xx_HAL_Driver/Src/stm32f1xx_hal_cortex.o
                0x08003c92                HAL_SYSTICK_Config
 *fill*         0x08003caa        0x2 
 .text.HAL_DMA_Init
                0x08003cac       0xb4 ./Drivers/STM32F1xx_HAL_Driver/Src/stm32f1xx_hal_dma.o
                0x08003cac                HAL_DMA_Init
 .text.HAL_DMA_DeInit
                0x08003d60       0xb8 ./Drivers/STM32F1xx_HAL_Driver/Src/stm32f1xx_hal_dma.o
                0x08003d60                HAL_DMA_DeInit
 .text.HAL_DMA_Start_IT
                0x08003e18       0xc0 ./Drivers/STM32F1xx_HAL_Driver/Src/stm32f1xx_hal_dma.o
                0x08003e18                HAL_DMA_Start_IT
 .text.HAL_DMA_Abort
                0x08003ed8       0x76 ./Drivers/STM32F1xx_HAL_Driver/Src/stm32f1xx_hal_dma.o
                0x08003ed8                HAL_DMA_Abort
 *fill*         0x08003f4e        0x2 
 .text.HAL_DMA_Abort_IT
                0x08003f50       0xf0 ./Drivers/STM32F1xx_HAL_Driver/Src/stm32f1xx_hal_dma.o
                0x08003f50                HAL_DMA_Abort_IT
 .text.HAL_DMA_IRQHandler
                0x08004040      0x20c ./Drivers/STM32F1xx_HAL_Driver/Src/stm32f1xx_hal_dma.o
                0x08004040                HAL_DMA_IRQHandler
 .text.DMA_SetConfig
                0x0800424c       0x5a ./Drivers/STM32F1xx_HAL_Driver/Src/stm32f1xx_hal_dma.o
 *fill*         0x080042a6        0x2 
 .text.HAL_FLASH_Program
                0x080042a8       0xe0 ./Drivers/STM32F1xx_HAL_Driver/Src/stm32f1xx_hal_flash.o
                0x080042a8                HAL_FLASH_Program
 .text.HAL_FLASH_Unlock
                0x08004388       0x4c ./Drivers/STM32F1xx_HAL_Driver/Src/stm32f1xx_hal_flash.o
                0x08004388                HAL_FLASH_Unlock
 .text.HAL_FLASH_Lock
                0x080043d4       0x20 ./Drivers/STM32F1xx_HAL_Driver/Src/stm32f1xx_hal_flash.o
                0x080043d4                HAL_FLASH_Lock
 .text.FLASH_Program_HalfWord
                0x080043f4       0x38 ./Drivers/STM32F1xx_HAL_Driver/Src/stm32f1xx_hal_flash.o
 .text.FLASH_WaitForLastOperation
                0x0800442c       0x8c ./Drivers/STM32F1xx_HAL_Driver/Src/stm32f1xx_hal_flash.o
                0x0800442c                FLASH_WaitForLastOperation
 .text.FLASH_SetErrorCode
                0x080044b8       0xa0 ./Drivers/STM32F1xx_HAL_Driver/Src/stm32f1xx_hal_flash.o
 .text.HAL_FLASHEx_Erase
                0x08004558       0xd8 ./Drivers/STM32F1xx_HAL_Driver/Src/stm32f1xx_hal_flash_ex.o
                0x08004558                HAL_FLASHEx_Erase
 .text.FLASH_MassErase
                0x08004630       0x38 ./Drivers/STM32F1xx_HAL_Driver/Src/stm32f1xx_hal_flash_ex.o
 .text.FLASH_PageErase
                0x08004668       0x40 ./Drivers/STM32F1xx_HAL_Driver/Src/stm32f1xx_hal_flash_ex.o
                0x08004668                FLASH_PageErase
 .text.HAL_GPIO_Init
                0x080046a8      0x308 ./Drivers/STM32F1xx_HAL_Driver/Src/stm32f1xx_hal_gpio.o
                0x080046a8                HAL_GPIO_Init
 .text.HAL_GPIO_DeInit
                0x080049b0      0x178 ./Drivers/STM32F1xx_HAL_Driver/Src/stm32f1xx_hal_gpio.o
                0x080049b0                HAL_GPIO_DeInit
 .text.HAL_GPIO_ReadPin
                0x08004b28       0x2e ./Drivers/STM32F1xx_HAL_Driver/Src/stm32f1xx_hal_gpio.o
                0x08004b28                HAL_GPIO_ReadPin
 .text.HAL_GPIO_WritePin
                0x08004b56       0x30 ./Drivers/STM32F1xx_HAL_Driver/Src/stm32f1xx_hal_gpio.o
                0x08004b56                HAL_GPIO_WritePin
 *fill*         0x08004b86        0x2 
 .text.HAL_RCC_OscConfig
                0x08004b88      0x504 ./Drivers/STM32F1xx_HAL_Driver/Src/stm32f1xx_hal_rcc.o
                0x08004b88                HAL_RCC_OscConfig
 .text.HAL_RCC_ClockConfig
                0x0800508c      0x1d4 ./Drivers/STM32F1xx_HAL_Driver/Src/stm32f1xx_hal_rcc.o
                0x0800508c                HAL_RCC_ClockConfig
 .text.HAL_RCC_GetSysClockFreq
                0x08005260       0xac ./Drivers/STM32F1xx_HAL_Driver/Src/stm32f1xx_hal_rcc.o
                0x08005260                HAL_RCC_GetSysClockFreq
 .text.HAL_RCC_GetHCLKFreq
                0x0800530c       0x14 ./Drivers/STM32F1xx_HAL_Driver/Src/stm32f1xx_hal_rcc.o
                0x0800530c                HAL_RCC_GetHCLKFreq
 .text.HAL_RCC_GetPCLK1Freq
                0x08005320       0x28 ./Drivers/STM32F1xx_HAL_Driver/Src/stm32f1xx_hal_rcc.o
                0x08005320                HAL_RCC_GetPCLK1Freq
 .text.HAL_RCC_GetPCLK2Freq
                0x08005348       0x28 ./Drivers/STM32F1xx_HAL_Driver/Src/stm32f1xx_hal_rcc.o
                0x08005348                HAL_RCC_GetPCLK2Freq
 .text.RCC_Delay
                0x08005370       0x3c ./Drivers/STM32F1xx_HAL_Driver/Src/stm32f1xx_hal_rcc.o
 .text.HAL_RCCEx_PeriphCLKConfig
                0x080053ac      0x16c ./Drivers/STM32F1xx_HAL_Driver/Src/stm32f1xx_hal_rcc_ex.o
                0x080053ac                HAL_RCCEx_PeriphCLKConfig
 .text.HAL_RCCEx_GetPeriphCLKFreq
                0x08005518      0x16c ./Drivers/STM32F1xx_HAL_Driver/Src/stm32f1xx_hal_rcc_ex.o
                0x08005518                HAL_RCCEx_GetPeriphCLKFreq
 .text.HAL_TIM_Base_Init
                0x08005684       0x9e ./Drivers/STM32F1xx_HAL_Driver/Src/stm32f1xx_hal_tim.o
                0x08005684                HAL_TIM_Base_Init
 *fill*         0x08005722        0x2 
 .text.HAL_TIM_Base_Start
                0x08005724       0x94 ./Drivers/STM32F1xx_HAL_Driver/Src/stm32f1xx_hal_tim.o
                0x08005724                HAL_TIM_Base_Start
 .text.HAL_TIM_Base_Start_IT
                0x080057b8       0xa4 ./Drivers/STM32F1xx_HAL_Driver/Src/stm32f1xx_hal_tim.o
                0x080057b8                HAL_TIM_Base_Start_IT
 .text.HAL_TIM_Base_Stop_IT
                0x0800585c       0x5c ./Drivers/STM32F1xx_HAL_Driver/Src/stm32f1xx_hal_tim.o
                0x0800585c                HAL_TIM_Base_Stop_IT
 .text.HAL_TIM_OnePulse_Init
                0x080058b8       0xa0 ./Drivers/STM32F1xx_HAL_Driver/Src/stm32f1xx_hal_tim.o
                0x080058b8                HAL_TIM_OnePulse_Init
 .text.HAL_TIM_OnePulse_MspInit
                0x08005958       0x12 ./Drivers/STM32F1xx_HAL_Driver/Src/stm32f1xx_hal_tim.o
                0x08005958                HAL_TIM_OnePulse_MspInit
 *fill*         0x0800596a        0x2 
 .text.HAL_TIM_OnePulse_Start
                0x0800596c       0xac ./Drivers/STM32F1xx_HAL_Driver/Src/stm32f1xx_hal_tim.o
                0x0800596c                HAL_TIM_OnePulse_Start
 .text.HAL_TIM_OnePulse_Stop
                0x08005a18       0xc0 ./Drivers/STM32F1xx_HAL_Driver/Src/stm32f1xx_hal_tim.o
                0x08005a18                HAL_TIM_OnePulse_Stop
 .text.HAL_TIM_IRQHandler
                0x08005ad8      0x1e0 ./Drivers/STM32F1xx_HAL_Driver/Src/stm32f1xx_hal_tim.o
                0x08005ad8                HAL_TIM_IRQHandler
 .text.HAL_TIM_ConfigClockSource
                0x08005cb8      0x18e ./Drivers/STM32F1xx_HAL_Driver/Src/stm32f1xx_hal_tim.o
                0x08005cb8                HAL_TIM_ConfigClockSource
 .text.HAL_TIM_OC_DelayElapsedCallback
                0x08005e46       0x12 ./Drivers/STM32F1xx_HAL_Driver/Src/stm32f1xx_hal_tim.o
                0x08005e46                HAL_TIM_OC_DelayElapsedCallback
 .text.HAL_TIM_IC_CaptureCallback
                0x08005e58       0x12 ./Drivers/STM32F1xx_HAL_Driver/Src/stm32f1xx_hal_tim.o
                0x08005e58                HAL_TIM_IC_CaptureCallback
 .text.HAL_TIM_PWM_PulseFinishedCallback
                0x08005e6a       0x12 ./Drivers/STM32F1xx_HAL_Driver/Src/stm32f1xx_hal_tim.o
                0x08005e6a                HAL_TIM_PWM_PulseFinishedCallback
 .text.HAL_TIM_TriggerCallback
                0x08005e7c       0x12 ./Drivers/STM32F1xx_HAL_Driver/Src/stm32f1xx_hal_tim.o
                0x08005e7c                HAL_TIM_TriggerCallback
 *fill*         0x08005e8e        0x2 
 .text.TIM_Base_SetConfig
                0x08005e90       0xdc ./Drivers/STM32F1xx_HAL_Driver/Src/stm32f1xx_hal_tim.o
                0x08005e90                TIM_Base_SetConfig
 .text.TIM_TI1_ConfigInputStage
                0x08005f6c       0x5c ./Drivers/STM32F1xx_HAL_Driver/Src/stm32f1xx_hal_tim.o
 .text.TIM_TI2_ConfigInputStage
                0x08005fc8       0x5e ./Drivers/STM32F1xx_HAL_Driver/Src/stm32f1xx_hal_tim.o
 .text.TIM_ITRx_SetConfig
                0x08006026       0x34 ./Drivers/STM32F1xx_HAL_Driver/Src/stm32f1xx_hal_tim.o
 .text.TIM_ETR_SetConfig
                0x0800605a       0x3e ./Drivers/STM32F1xx_HAL_Driver/Src/stm32f1xx_hal_tim.o
                0x0800605a                TIM_ETR_SetConfig
 .text.TIM_CCxChannelCmd
                0x08006098       0x48 ./Drivers/STM32F1xx_HAL_Driver/Src/stm32f1xx_hal_tim.o
                0x08006098                TIM_CCxChannelCmd
 .text.HAL_TIMEx_MasterConfigSynchronization
                0x080060e0       0xbc ./Drivers/STM32F1xx_HAL_Driver/Src/stm32f1xx_hal_tim_ex.o
                0x080060e0                HAL_TIMEx_MasterConfigSynchronization
 .text.HAL_TIMEx_CommutCallback
                0x0800619c       0x12 ./Drivers/STM32F1xx_HAL_Driver/Src/stm32f1xx_hal_tim_ex.o
                0x0800619c                HAL_TIMEx_CommutCallback
 .text.HAL_TIMEx_BreakCallback
                0x080061ae       0x12 ./Drivers/STM32F1xx_HAL_Driver/Src/stm32f1xx_hal_tim_ex.o
                0x080061ae                HAL_TIMEx_BreakCallback
 .text.HAL_UART_Init
                0x080061c0       0xa0 ./Drivers/STM32F1xx_HAL_Driver/Src/stm32f1xx_hal_uart.o
                0x080061c0                HAL_UART_Init
 .text.HAL_UART_DeInit
                0x08006260       0x64 ./Drivers/STM32F1xx_HAL_Driver/Src/stm32f1xx_hal_uart.o
                0x08006260                HAL_UART_DeInit
 .text.HAL_UART_Transmit_DMA
                0x080062c4       0xe0 ./Drivers/STM32F1xx_HAL_Driver/Src/stm32f1xx_hal_uart.o
                0x080062c4                HAL_UART_Transmit_DMA
 .text.HAL_UART_Receive_DMA
                0x080063a4       0x4a ./Drivers/STM32F1xx_HAL_Driver/Src/stm32f1xx_hal_uart.o
                0x080063a4                HAL_UART_Receive_DMA
 .text.HAL_UART_DMAStop
                0x080063ee       0xfe ./Drivers/STM32F1xx_HAL_Driver/Src/stm32f1xx_hal_uart.o
                0x080063ee                HAL_UART_DMAStop
 .text.HAL_UART_IRQHandler
                0x080064ec      0x524 ./Drivers/STM32F1xx_HAL_Driver/Src/stm32f1xx_hal_uart.o
                0x080064ec                HAL_UART_IRQHandler
 .text.HAL_UART_TxHalfCpltCallback
                0x08006a10       0x12 ./Drivers/STM32F1xx_HAL_Driver/Src/stm32f1xx_hal_uart.o
                0x08006a10                HAL_UART_TxHalfCpltCallback
 .text.HAL_UART_RxCpltCallback
                0x08006a22       0x12 ./Drivers/STM32F1xx_HAL_Driver/Src/stm32f1xx_hal_uart.o
                0x08006a22                HAL_UART_RxCpltCallback
 .text.HAL_UART_RxHalfCpltCallback
                0x08006a34       0x12 ./Drivers/STM32F1xx_HAL_Driver/Src/stm32f1xx_hal_uart.o
                0x08006a34                HAL_UART_RxHalfCpltCallback
 .text.HAL_UARTEx_RxEventCallback
                0x08006a46       0x16 ./Drivers/STM32F1xx_HAL_Driver/Src/stm32f1xx_hal_uart.o
                0x08006a46                HAL_UARTEx_RxEventCallback
 .text.UART_DMATransmitCplt
                0x08006a5c       0x9a ./Drivers/STM32F1xx_HAL_Driver/Src/stm32f1xx_hal_uart.o
 .text.UART_DMATxHalfCplt
                0x08006af6       0x1c ./Drivers/STM32F1xx_HAL_Driver/Src/stm32f1xx_hal_uart.o
 .text.UART_DMAReceiveCplt
                0x08006b12      0x12c ./Drivers/STM32F1xx_HAL_Driver/Src/stm32f1xx_hal_uart.o
 .text.UART_DMARxHalfCplt
                0x08006c3e       0x3c ./Drivers/STM32F1xx_HAL_Driver/Src/stm32f1xx_hal_uart.o
 .text.UART_DMAError
                0x08006c7a       0x94 ./Drivers/STM32F1xx_HAL_Driver/Src/stm32f1xx_hal_uart.o
 *fill*         0x08006d0e        0x2 
 .text.UART_Start_Receive_DMA
                0x08006d10      0x134 ./Drivers/STM32F1xx_HAL_Driver/Src/stm32f1xx_hal_uart.o
                0x08006d10                UART_Start_Receive_DMA
 .text.UART_EndTxTransfer
                0x08006e44       0x4e ./Drivers/STM32F1xx_HAL_Driver/Src/stm32f1xx_hal_uart.o
 .text.UART_EndRxTransfer
                0x08006e92       0xc4 ./Drivers/STM32F1xx_HAL_Driver/Src/stm32f1xx_hal_uart.o
 .text.UART_DMAAbortOnError
                0x08006f56       0x28 ./Drivers/STM32F1xx_HAL_Driver/Src/stm32f1xx_hal_uart.o
 .text.UART_Transmit_IT
                0x08006f7e       0x9e ./Drivers/STM32F1xx_HAL_Driver/Src/stm32f1xx_hal_uart.o
 .text.UART_EndTransmit_IT
                0x0800701c       0x30 ./Drivers/STM32F1xx_HAL_Driver/Src/stm32f1xx_hal_uart.o
 .text.UART_Receive_IT
                0x0800704c      0x17c ./Drivers/STM32F1xx_HAL_Driver/Src/stm32f1xx_hal_uart.o
 .text.UART_SetConfig
                0x080071c8      0x11c ./Drivers/STM32F1xx_HAL_Driver/Src/stm32f1xx_hal_uart.o
 .text.memcmp   0x080072e4       0x20 C:/Program Files/STMicroelectronics/STM32Cube/STM32CubeIDE/plugins/com.st.stm32cube.ide.mcu.externaltools.gnu-tools-for-stm32.13.3.rel1.win32_1.0.0.202411081344/tools/bin/../lib/gcc/arm-none-eabi/13.3.1/../../../../arm-none-eabi/lib/thumb/v7-m/nofp\libc_nano.a(libc_a-memcmp.o)
                0x080072e4                memcmp
 .text.memset   0x08007304       0x10 C:/Program Files/STMicroelectronics/STM32Cube/STM32CubeIDE/plugins/com.st.stm32cube.ide.mcu.externaltools.gnu-tools-for-stm32.13.3.rel1.win32_1.0.0.202411081344/tools/bin/../lib/gcc/arm-none-eabi/13.3.1/../../../../arm-none-eabi/lib/thumb/v7-m/nofp\libc_nano.a(libc_a-memset.o)
                0x08007304                memset
 .text.__libc_init_array
                0x08007314       0x48 C:/Program Files/STMicroelectronics/STM32Cube/STM32CubeIDE/plugins/com.st.stm32cube.ide.mcu.externaltools.gnu-tools-for-stm32.13.3.rel1.win32_1.0.0.202411081344/tools/bin/../lib/gcc/arm-none-eabi/13.3.1/../../../../arm-none-eabi/lib/thumb/v7-m/nofp\libc_nano.a(libc_a-init.o)
                0x08007314                __libc_init_array
 .text.memcpy   0x0800735c       0x1c C:/Program Files/STMicroelectronics/STM32Cube/STM32CubeIDE/plugins/com.st.stm32cube.ide.mcu.externaltools.gnu-tools-for-stm32.13.3.rel1.win32_1.0.0.202411081344/tools/bin/../lib/gcc/arm-none-eabi/13.3.1/../../../../arm-none-eabi/lib/thumb/v7-m/nofp\libc_nano.a(libc_a-memcpy-stub.o)
                0x0800735c                memcpy
 *(.glue_7)
 .glue_7        0x08007378        0x0 linker stubs
 *(.glue_7t)
 .glue_7t       0x08007378        0x0 linker stubs
 *(.eh_frame)
 .eh_frame      0x08007378        0x0 C:/Program Files/STMicroelectronics/STM32Cube/STM32CubeIDE/plugins/com.st.stm32cube.ide.mcu.externaltools.gnu-tools-for-stm32.13.3.rel1.win32_1.0.0.202411081344/tools/bin/../lib/gcc/arm-none-eabi/13.3.1/thumb/v7-m/nofp/crtbegin.o
 *(.init)
 .init          0x08007378        0x4 C:/Program Files/STMicroelectronics/STM32Cube/STM32CubeIDE/plugins/com.st.stm32cube.ide.mcu.externaltools.gnu-tools-for-stm32.13.3.rel1.win32_1.0.0.202411081344/tools/bin/../lib/gcc/arm-none-eabi/13.3.1/thumb/v7-m/nofp/crti.o
                0x08007378                _init
 .init          0x0800737c        0x8 C:/Program Files/STMicroelectronics/STM32Cube/STM32CubeIDE/plugins/com.st.stm32cube.ide.mcu.externaltools.gnu-tools-for-stm32.13.3.rel1.win32_1.0.0.202411081344/tools/bin/../lib/gcc/arm-none-eabi/13.3.1/thumb/v7-m/nofp/crtn.o
 *(.fini)
 .fini          0x08007384        0x4 C:/Program Files/STMicroelectronics/STM32Cube/STM32CubeIDE/plugins/com.st.stm32cube.ide.mcu.externaltools.gnu-tools-for-stm32.13.3.rel1.win32_1.0.0.202411081344/tools/bin/../lib/gcc/arm-none-eabi/13.3.1/thumb/v7-m/nofp/crti.o
                0x08007384                _fini
 .fini          0x08007388        0x8 C:/Program Files/STMicroelectronics/STM32Cube/STM32CubeIDE/plugins/com.st.stm32cube.ide.mcu.externaltools.gnu-tools-for-stm32.13.3.rel1.win32_1.0.0.202411081344/tools/bin/../lib/gcc/arm-none-eabi/13.3.1/thumb/v7-m/nofp/crtn.o
                0x08007390                        . = ALIGN (0x4)
                0x08007390                        _etext = .

.vfp11_veneer   0x08007390        0x0
 .vfp11_veneer  0x08007390        0x0 linker stubs

.v4_bx          0x08007390        0x0
 .v4_bx         0x08007390        0x0 linker stubs

.iplt           0x08007390        0x0
 .iplt          0x08007390        0x0 C:/Program Files/STMicroelectronics/STM32Cube/STM32CubeIDE/plugins/com.st.stm32cube.ide.mcu.externaltools.gnu-tools-for-stm32.13.3.rel1.win32_1.0.0.202411081344/tools/bin/../lib/gcc/arm-none-eabi/13.3.1/thumb/v7-m/nofp/crtbegin.o

.rodata         0x08007390      0x638
                0x08007390                        . = ALIGN (0x4)
 *(.rodata)
 *(.rodata*)
 .rodata.register_access_mask
                0x08007390      0x1f5 ./Core/Src/modbus.o
 *fill*         0x08007585        0x3 
 .rodata.AHBPrescTable
                0x08007588       0x10 ./Core/Src/system_stm32f1xx.o
                0x08007588                AHBPrescTable
 .rodata.APBPrescTable
                0x08007598        0x8 ./Core/Src/system_stm32f1xx.o
                0x08007598                APBPrescTable
 .rodata.crc32_table
                0x080075a0      0x400 ./Core/Src/utilities.o
 .rodata.aPLLMULFactorTable.1
                0x080079a0       0x10 ./Drivers/STM32F1xx_HAL_Driver/Src/stm32f1xx_hal_rcc.o
 .rodata.aPredivFactorTable.0
                0x080079b0        0x2 ./Drivers/STM32F1xx_HAL_Driver/Src/stm32f1xx_hal_rcc.o
 *fill*         0x080079b2        0x2 
 .rodata.aPLLMULFactorTable.1
                0x080079b4       0x10 ./Drivers/STM32F1xx_HAL_Driver/Src/stm32f1xx_hal_rcc_ex.o
 .rodata.aPredivFactorTable.0
                0x080079c4        0x2 ./Drivers/STM32F1xx_HAL_Driver/Src/stm32f1xx_hal_rcc_ex.o
                0x080079c8                        . = ALIGN (0x4)
 *fill*         0x080079c6        0x2 

.ARM.extab      0x080079c8        0x0
                0x080079c8                        . = ALIGN (0x4)
 *(.ARM.extab* .gnu.linkonce.armextab.*)
                0x080079c8                        . = ALIGN (0x4)

.ARM            0x080079c8        0x0
                0x080079c8                        . = ALIGN (0x4)
                0x080079c8                        __exidx_start = .
 *(.ARM.exidx*)
                0x080079c8                        __exidx_end = .
                0x080079c8                        . = ALIGN (0x4)

.preinit_array  0x080079c8        0x0
                0x080079c8                        . = ALIGN (0x4)
                0x080079c8                        PROVIDE (__preinit_array_start = .)
 *(.preinit_array*)
                0x080079c8                        PROVIDE (__preinit_array_end = .)
                0x080079c8                        . = ALIGN (0x4)

.init_array     0x080079c8        0x4
                0x080079c8                        . = ALIGN (0x4)
                0x080079c8                        PROVIDE (__init_array_start = .)
 *(SORT_BY_NAME(.init_array.*))
 *(.init_array*)
 .init_array    0x080079c8        0x4 C:/Program Files/STMicroelectronics/STM32Cube/STM32CubeIDE/plugins/com.st.stm32cube.ide.mcu.externaltools.gnu-tools-for-stm32.13.3.rel1.win32_1.0.0.202411081344/tools/bin/../lib/gcc/arm-none-eabi/13.3.1/thumb/v7-m/nofp/crtbegin.o
                0x080079cc                        PROVIDE (__init_array_end = .)
                0x080079cc                        . = ALIGN (0x4)

.fini_array     0x080079cc        0x4
                0x080079cc                        . = ALIGN (0x4)
                [!provide]                        PROVIDE (__fini_array_start = .)
 *(SORT_BY_NAME(.fini_array.*))
 *(.fini_array*)
 .fini_array    0x080079cc        0x4 C:/Program Files/STMicroelectronics/STM32Cube/STM32CubeIDE/plugins/com.st.stm32cube.ide.mcu.externaltools.gnu-tools-for-stm32.13.3.rel1.win32_1.0.0.202411081344/tools/bin/../lib/gcc/arm-none-eabi/13.3.1/thumb/v7-m/nofp/crtbegin.o
                [!provide]                        PROVIDE (__fini_array_end = .)
                0x080079d0                        . = ALIGN (0x4)
                0x080079d0                        _sidata = LOADADDR (.data)

.rel.dyn        0x080079d0        0x0
 .rel.iplt      0x080079d0        0x0 C:/Program Files/STMicroelectronics/STM32Cube/STM32CubeIDE/plugins/com.st.stm32cube.ide.mcu.externaltools.gnu-tools-for-stm32.13.3.rel1.win32_1.0.0.202411081344/tools/bin/../lib/gcc/arm-none-eabi/13.3.1/thumb/v7-m/nofp/crtbegin.o

.data           0x20000000       0x14 load address 0x080079d0
                0x20000000                        . = ALIGN (0x4)
                0x20000000                        _sdata = .
 *(.data)
 *(.data*)
 .data.filter_current_depth
                0x20000000        0x1 ./Core/Src/adc.o
 .data.current_adc_channel
                0x20000001        0x1 ./Core/Src/adc.o
 *fill*         0x20000002        0x2 
 .data.actual_vref.0
                0x20000004        0x4 ./Core/Src/adc.o
 .data.SystemCoreClock
                0x20000008        0x4 ./Core/Src/system_stm32f1xx.o
                0x20000008                SystemCoreClock
 .data.uwTickPrio
                0x2000000c        0x4 ./Drivers/STM32F1xx_HAL_Driver/Src/stm32f1xx_hal.o
                0x2000000c                uwTickPrio
 .data.uwTickFreq
                0x20000010        0x1 ./Drivers/STM32F1xx_HAL_Driver/Src/stm32f1xx_hal.o
                0x20000010                uwTickFreq
 *(.RamFunc)
 *(.RamFunc*)
                0x20000014                        . = ALIGN (0x4)
 *fill*         0x20000011        0x3 
                0x20000014                        _edata = .

.igot.plt       0x20000014        0x0 load address 0x080079e4
 .igot.plt      0x20000014        0x0 C:/Program Files/STMicroelectronics/STM32Cube/STM32CubeIDE/plugins/com.st.stm32cube.ide.mcu.externaltools.gnu-tools-for-stm32.13.3.rel1.win32_1.0.0.202411081344/tools/bin/../lib/gcc/arm-none-eabi/13.3.1/thumb/v7-m/nofp/crtbegin.o
                0x20000014                        . = ALIGN (0x4)

.bss            0x20000018     0x10b0 load address 0x080079e4
                0x20000018                        _sbss = .
                0x20000018                        __bss_start__ = _sbss
 *(.bss)
 .bss           0x20000018       0x1c C:/Program Files/STMicroelectronics/STM32Cube/STM32CubeIDE/plugins/com.st.stm32cube.ide.mcu.externaltools.gnu-tools-for-stm32.13.3.rel1.win32_1.0.0.202411081344/tools/bin/../lib/gcc/arm-none-eabi/13.3.1/thumb/v7-m/nofp/crtbegin.o
 *(.bss*)
 .bss.adc_dma_buffer
                0x20000034       0x28 ./Core/Src/adc.o
                0x20000034                adc_dma_buffer
 .bss.filter_running_sum
                0x2000005c        0x4 ./Core/Src/adc.o
 .bss.filter_sample_buffer
                0x20000060       0x28 ./Core/Src/adc.o
 .bss.filter_write_index
                0x20000088        0x1 ./Core/Src/adc.o
 .bss.filter_samples_collected
                0x20000089        0x1 ./Core/Src/adc.o
 .bss.current_filtered_value
                0x2000008a        0x2 ./Core/Src/adc.o
 .bss.filter_initialized
                0x2000008c        0x1 ./Core/Src/adc.o
 .bss.adc_initialized
                0x2000008d        0x1 ./Core/Src/adc.o
 *fill*         0x2000008e        0x2 
 .bss.last_vref_read.1
                0x20000090        0x4 ./Core/Src/adc.o
 .bss.config    0x20000094      0x3f4 ./Core/Src/config.o
 .bss.first_start
                0x20000488        0x1 ./Core/Src/config.o
 *fill*         0x20000489        0x3 
 .bss.system_ticks
                0x2000048c        0x4 ./Core/Src/globals.o
                0x2000048c                system_ticks
 .bss.modbus_last_rx_time
                0x20000490        0x4 ./Core/Src/globals.o
                0x20000490                modbus_last_rx_time
 .bss.current_access_level
                0x20000494        0x1 ./Core/Src/globals.o
                0x20000494                current_access_level
 .bss.config_modified
                0x20000495        0x1 ./Core/Src/globals.o
                0x20000495                config_modified
 .bss.calib_modified
                0x20000496        0x1 ./Core/Src/globals.o
                0x20000496                calib_modified
 *fill*         0x20000497        0x1 
 .bss.previous_registers
                0x20000498      0x3ea ./Core/Src/globals.o
                0x20000498                previous_registers
 *fill*         0x20000882        0x2 
 .bss.hadc1     0x20000884       0x30 ./Core/Src/main.o
                0x20000884                hadc1
 .bss.hdma_adc1
                0x200008b4       0x44 ./Core/Src/main.o
                0x200008b4                hdma_adc1
 .bss.htim2     0x200008f8       0x48 ./Core/Src/main.o
                0x200008f8                htim2
 .bss.htim3     0x20000940       0x48 ./Core/Src/main.o
                0x20000940                htim3
 .bss.htim4     0x20000988       0x48 ./Core/Src/main.o
                0x20000988                htim4
 .bss.huart2    0x200009d0       0x48 ./Core/Src/main.o
                0x200009d0                huart2
 .bss.hdma_usart2_rx
                0x20000a18       0x44 ./Core/Src/main.o
                0x20000a18                hdma_usart2_rx
 .bss.hdma_usart2_tx
                0x20000a5c       0x44 ./Core/Src/main.o
                0x20000a5c                hdma_usart2_tx
 .bss.reset_button_press_time
                0x20000aa0        0x4 ./Core/Src/main.o
 .bss.reset_button_active
                0x20000aa4        0x1 ./Core/Src/main.o
 *fill*         0x20000aa5        0x3 
 .bss.modbus_registers
                0x20000aa8      0x3ea ./Core/Src/modbus.o
                0x20000aa8                modbus_registers
 *fill*         0x20000e92        0x2 
 .bss.modbus_rx_buffer
                0x20000e94      0x100 ./Core/Src/modbus.o
                0x20000e94                modbus_rx_buffer
 .bss.modbus_tx_buffer
                0x20000f94      0x100 ./Core/Src/modbus.o
                0x20000f94                modbus_tx_buffer
 .bss.modbus_frame_ready
                0x20001094        0x1 ./Core/Src/modbus.o
                0x20001094                modbus_frame_ready
 .bss.modbus_tx_active
                0x20001095        0x1 ./Core/Src/modbus.o
                0x20001095                modbus_tx_active
 .bss.modbus_rx_length
                0x20001096        0x2 ./Core/Src/modbus.o
                0x20001096                modbus_rx_length
 .bss.processing.1
                0x20001098        0x1 ./Core/Src/modbus.o
 *fill*         0x20001099        0x3 
 .bss.last_frame_time.0
                0x2000109c        0x4 ./Core/Src/modbus.o
 .bss.uwTick    0x200010a0        0x4 ./Drivers/STM32F1xx_HAL_Driver/Src/stm32f1xx_hal.o
                0x200010a0                uwTick
 *fill*         0x200010a4        0x4 
 .bss.pFlash    0x200010a8       0x20 ./Drivers/STM32F1xx_HAL_Driver/Src/stm32f1xx_hal_flash.o
                0x200010a8                pFlash
 *(COMMON)
                0x200010c8                        . = ALIGN (0x4)
                0x200010c8                        _ebss = .
                0x200010c8                        __bss_end__ = _ebss

._user_heap_stack
                0x200010c8      0x600 load address 0x080079e4
                0x200010c8                        . = ALIGN (0x8)
                [!provide]                        PROVIDE (end = .)
                0x200010c8                        PROVIDE (_end = .)
                0x200012c8                        . = (. + _Min_Heap_Size)
 *fill*         0x200010c8      0x200 
                0x200016c8                        . = (. + _Min_Stack_Size)
 *fill*         0x200012c8      0x400 
                0x200016c8                        . = ALIGN (0x8)

/DISCARD/
 libc.a(*)
 libm.a(*)
 libgcc.a(*)

.ARM.attributes
                0x00000000       0x29
 *(.ARM.attributes)
 .ARM.attributes
                0x00000000       0x1d C:/Program Files/STMicroelectronics/STM32Cube/STM32CubeIDE/plugins/com.st.stm32cube.ide.mcu.externaltools.gnu-tools-for-stm32.13.3.rel1.win32_1.0.0.202411081344/tools/bin/../lib/gcc/arm-none-eabi/13.3.1/thumb/v7-m/nofp/crti.o
 .ARM.attributes
                0x0000001d       0x2d C:/Program Files/STMicroelectronics/STM32Cube/STM32CubeIDE/plugins/com.st.stm32cube.ide.mcu.externaltools.gnu-tools-for-stm32.13.3.rel1.win32_1.0.0.202411081344/tools/bin/../lib/gcc/arm-none-eabi/13.3.1/thumb/v7-m/nofp/crtbegin.o
 .ARM.attributes
                0x0000004a       0x2d ./Core/Src/adc.o
 .ARM.attributes
                0x00000077       0x2d ./Core/Src/config.o
 .ARM.attributes
                0x000000a4       0x2d ./Core/Src/globals.o
 .ARM.attributes
                0x000000d1       0x2d ./Core/Src/main.o
 .ARM.attributes
                0x000000fe       0x2d ./Core/Src/modbus.o
 .ARM.attributes
                0x0000012b       0x2d ./Core/Src/stm32f1xx_hal_msp.o
 .ARM.attributes
                0x00000158       0x2d ./Core/Src/stm32f1xx_it.o
 .ARM.attributes
                0x00000185       0x2d ./Core/Src/system_stm32f1xx.o
 .ARM.attributes
                0x000001b2       0x2d ./Core/Src/utilities.o
 .ARM.attributes
                0x000001df       0x21 ./Core/Startup/startup_stm32f103cbtx.o
 .ARM.attributes
                0x00000200       0x2d ./Drivers/STM32F1xx_HAL_Driver/Src/stm32f1xx_hal.o
 .ARM.attributes
                0x0000022d       0x2d ./Drivers/STM32F1xx_HAL_Driver/Src/stm32f1xx_hal_adc.o
 .ARM.attributes
                0x0000025a       0x2d ./Drivers/STM32F1xx_HAL_Driver/Src/stm32f1xx_hal_adc_ex.o
 .ARM.attributes
                0x00000287       0x2d ./Drivers/STM32F1xx_HAL_Driver/Src/stm32f1xx_hal_cortex.o
 .ARM.attributes
                0x000002b4       0x2d ./Drivers/STM32F1xx_HAL_Driver/Src/stm32f1xx_hal_dma.o
 .ARM.attributes
                0x000002e1       0x2d ./Drivers/STM32F1xx_HAL_Driver/Src/stm32f1xx_hal_flash.o
 .ARM.attributes
                0x0000030e       0x2d ./Drivers/STM32F1xx_HAL_Driver/Src/stm32f1xx_hal_flash_ex.o
 .ARM.attributes
                0x0000033b       0x2d ./Drivers/STM32F1xx_HAL_Driver/Src/stm32f1xx_hal_gpio.o
 .ARM.attributes
                0x00000368       0x2d ./Drivers/STM32F1xx_HAL_Driver/Src/stm32f1xx_hal_rcc.o
 .ARM.attributes
                0x00000395       0x2d ./Drivers/STM32F1xx_HAL_Driver/Src/stm32f1xx_hal_rcc_ex.o
 .ARM.attributes
                0x000003c2       0x2d ./Drivers/STM32F1xx_HAL_Driver/Src/stm32f1xx_hal_tim.o
 .ARM.attributes
                0x000003ef       0x2d ./Drivers/STM32F1xx_HAL_Driver/Src/stm32f1xx_hal_tim_ex.o
 .ARM.attributes
                0x0000041c       0x2d ./Drivers/STM32F1xx_HAL_Driver/Src/stm32f1xx_hal_uart.o
 .ARM.attributes
                0x00000449       0x2d C:/Program Files/STMicroelectronics/STM32Cube/STM32CubeIDE/plugins/com.st.stm32cube.ide.mcu.externaltools.gnu-tools-for-stm32.13.3.rel1.win32_1.0.0.202411081344/tools/bin/../lib/gcc/arm-none-eabi/13.3.1/../../../../arm-none-eabi/lib/thumb/v7-m/nofp\libc_nano.a(libc_a-memcmp.o)
 .ARM.attributes
                0x00000476       0x2d C:/Program Files/STMicroelectronics/STM32Cube/STM32CubeIDE/plugins/com.st.stm32cube.ide.mcu.externaltools.gnu-tools-for-stm32.13.3.rel1.win32_1.0.0.202411081344/tools/bin/../lib/gcc/arm-none-eabi/13.3.1/../../../../arm-none-eabi/lib/thumb/v7-m/nofp\libc_nano.a(libc_a-memset.o)
 .ARM.attributes
                0x000004a3       0x2d C:/Program Files/STMicroelectronics/STM32Cube/STM32CubeIDE/plugins/com.st.stm32cube.ide.mcu.externaltools.gnu-tools-for-stm32.13.3.rel1.win32_1.0.0.202411081344/tools/bin/../lib/gcc/arm-none-eabi/13.3.1/../../../../arm-none-eabi/lib/thumb/v7-m/nofp\libc_nano.a(libc_a-init.o)
 .ARM.attributes
                0x000004d0       0x2d C:/Program Files/STMicroelectronics/STM32Cube/STM32CubeIDE/plugins/com.st.stm32cube.ide.mcu.externaltools.gnu-tools-for-stm32.13.3.rel1.win32_1.0.0.202411081344/tools/bin/../lib/gcc/arm-none-eabi/13.3.1/../../../../arm-none-eabi/lib/thumb/v7-m/nofp\libc_nano.a(libc_a-memcpy-stub.o)
 .ARM.attributes
                0x000004fd       0x1d C:/Program Files/STMicroelectronics/STM32Cube/STM32CubeIDE/plugins/com.st.stm32cube.ide.mcu.externaltools.gnu-tools-for-stm32.13.3.rel1.win32_1.0.0.202411081344/tools/bin/../lib/gcc/arm-none-eabi/13.3.1/thumb/v7-m/nofp\libgcc.a(_arm_addsubsf3.o)
 .ARM.attributes
                0x0000051a       0x1d C:/Program Files/STMicroelectronics/STM32Cube/STM32CubeIDE/plugins/com.st.stm32cube.ide.mcu.externaltools.gnu-tools-for-stm32.13.3.rel1.win32_1.0.0.202411081344/tools/bin/../lib/gcc/arm-none-eabi/13.3.1/thumb/v7-m/nofp\libgcc.a(_arm_muldivsf3.o)
 .ARM.attributes
                0x00000537       0x1d C:/Program Files/STMicroelectronics/STM32Cube/STM32CubeIDE/plugins/com.st.stm32cube.ide.mcu.externaltools.gnu-tools-for-stm32.13.3.rel1.win32_1.0.0.202411081344/tools/bin/../lib/gcc/arm-none-eabi/13.3.1/thumb/v7-m/nofp\libgcc.a(_arm_fixunssfsi.o)
 .ARM.attributes
                0x00000554       0x1d C:/Program Files/STMicroelectronics/STM32Cube/STM32CubeIDE/plugins/com.st.stm32cube.ide.mcu.externaltools.gnu-tools-for-stm32.13.3.rel1.win32_1.0.0.202411081344/tools/bin/../lib/gcc/arm-none-eabi/13.3.1/thumb/v7-m/nofp/crtn.o
OUTPUT(SID_IDE_TIM4_DMA_IT.elf elf32-littlearm)
LOAD linker stubs
LOAD C:/Program Files/STMicroelectronics/STM32Cube/STM32CubeIDE/plugins/com.st.stm32cube.ide.mcu.externaltools.gnu-tools-for-stm32.13.3.rel1.win32_1.0.0.202411081344/tools/bin/../lib/gcc/arm-none-eabi/13.3.1/../../../../arm-none-eabi/lib/thumb/v7-m/nofp\libc.a
LOAD C:/Program Files/STMicroelectronics/STM32Cube/STM32CubeIDE/plugins/com.st.stm32cube.ide.mcu.externaltools.gnu-tools-for-stm32.13.3.rel1.win32_1.0.0.202411081344/tools/bin/../lib/gcc/arm-none-eabi/13.3.1/../../../../arm-none-eabi/lib/thumb/v7-m/nofp\libm.a
LOAD C:/Program Files/STMicroelectronics/STM32Cube/STM32CubeIDE/plugins/com.st.stm32cube.ide.mcu.externaltools.gnu-tools-for-stm32.13.3.rel1.win32_1.0.0.202411081344/tools/bin/../lib/gcc/arm-none-eabi/13.3.1/thumb/v7-m/nofp\libgcc.a

.debug_info     0x00000000    0x11b3a
 .debug_info    0x00000000      0xdf7 ./Core/Src/adc.o
 .debug_info    0x00000df7      0x60d ./Core/Src/config.o
 .debug_info    0x00001404      0x254 ./Core/Src/globals.o
 .debug_info    0x00001658     0x1607 ./Core/Src/main.o
 .debug_info    0x00002c5f     0x112b ./Core/Src/modbus.o
 .debug_info    0x00003d8a     0x1092 ./Core/Src/stm32f1xx_hal_msp.o
 .debug_info    0x00004e1c      0xf5b ./Core/Src/stm32f1xx_it.o
 .debug_info    0x00005d77      0x222 ./Core/Src/system_stm32f1xx.o
 .debug_info    0x00005f99      0x224 ./Core/Src/utilities.o
 .debug_info    0x000061bd       0x30 ./Core/Startup/startup_stm32f103cbtx.o
 .debug_info    0x000061ed      0x704 ./Drivers/STM32F1xx_HAL_Driver/Src/stm32f1xx_hal.o
 .debug_info    0x000068f1      0xc50 ./Drivers/STM32F1xx_HAL_Driver/Src/stm32f1xx_hal_adc.o
 .debug_info    0x00007541      0xa10 ./Drivers/STM32F1xx_HAL_Driver/Src/stm32f1xx_hal_adc_ex.o
 .debug_info    0x00007f51      0xa87 ./Drivers/STM32F1xx_HAL_Driver/Src/stm32f1xx_hal_cortex.o
 .debug_info    0x000089d8      0x6d2 ./Drivers/STM32F1xx_HAL_Driver/Src/stm32f1xx_hal_dma.o
 .debug_info    0x000090aa      0x4f8 ./Drivers/STM32F1xx_HAL_Driver/Src/stm32f1xx_hal_flash.o
 .debug_info    0x000095a2      0x777 ./Drivers/STM32F1xx_HAL_Driver/Src/stm32f1xx_hal_flash_ex.o
 .debug_info    0x00009d19      0x5ab ./Drivers/STM32F1xx_HAL_Driver/Src/stm32f1xx_hal_gpio.o
 .debug_info    0x0000a2c4      0x7d5 ./Drivers/STM32F1xx_HAL_Driver/Src/stm32f1xx_hal_rcc.o
 .debug_info    0x0000aa99      0x3c0 ./Drivers/STM32F1xx_HAL_Driver/Src/stm32f1xx_hal_rcc_ex.o
 .debug_info    0x0000ae59     0x2959 ./Drivers/STM32F1xx_HAL_Driver/Src/stm32f1xx_hal_tim.o
 .debug_info    0x0000d7b2     0x149b ./Drivers/STM32F1xx_HAL_Driver/Src/stm32f1xx_hal_tim_ex.o
 .debug_info    0x0000ec4d     0x2eed ./Drivers/STM32F1xx_HAL_Driver/Src/stm32f1xx_hal_uart.o

.debug_abbrev   0x00000000     0x33cc
 .debug_abbrev  0x00000000      0x3c4 ./Core/Src/adc.o
 .debug_abbrev  0x000003c4      0x2b4 ./Core/Src/config.o
 .debug_abbrev  0x00000678      0x133 ./Core/Src/globals.o
 .debug_abbrev  0x000007ab      0x354 ./Core/Src/main.o
 .debug_abbrev  0x00000aff      0x369 ./Core/Src/modbus.o
 .debug_abbrev  0x00000e68      0x25f ./Core/Src/stm32f1xx_hal_msp.o
 .debug_abbrev  0x000010c7      0x291 ./Core/Src/stm32f1xx_it.o
 .debug_abbrev  0x00001358      0x13f ./Core/Src/system_stm32f1xx.o
 .debug_abbrev  0x00001497      0x112 ./Core/Src/utilities.o
 .debug_abbrev  0x000015a9       0x24 ./Core/Startup/startup_stm32f103cbtx.o
 .debug_abbrev  0x000015cd      0x201 ./Drivers/STM32F1xx_HAL_Driver/Src/stm32f1xx_hal.o
 .debug_abbrev  0x000017ce      0x225 ./Drivers/STM32F1xx_HAL_Driver/Src/stm32f1xx_hal_adc.o
 .debug_abbrev  0x000019f3      0x249 ./Drivers/STM32F1xx_HAL_Driver/Src/stm32f1xx_hal_adc_ex.o
 .debug_abbrev  0x00001c3c      0x2f8 ./Drivers/STM32F1xx_HAL_Driver/Src/stm32f1xx_hal_cortex.o
 .debug_abbrev  0x00001f34      0x20b ./Drivers/STM32F1xx_HAL_Driver/Src/stm32f1xx_hal_dma.o
 .debug_abbrev  0x0000213f      0x250 ./Drivers/STM32F1xx_HAL_Driver/Src/stm32f1xx_hal_flash.o
 .debug_abbrev  0x0000238f      0x247 ./Drivers/STM32F1xx_HAL_Driver/Src/stm32f1xx_hal_flash_ex.o
 .debug_abbrev  0x000025d6      0x1ca ./Drivers/STM32F1xx_HAL_Driver/Src/stm32f1xx_hal_gpio.o
 .debug_abbrev  0x000027a0      0x2b3 ./Drivers/STM32F1xx_HAL_Driver/Src/stm32f1xx_hal_rcc.o
 .debug_abbrev  0x00002a53      0x188 ./Drivers/STM32F1xx_HAL_Driver/Src/stm32f1xx_hal_rcc_ex.o
 .debug_abbrev  0x00002bdb      0x277 ./Drivers/STM32F1xx_HAL_Driver/Src/stm32f1xx_hal_tim.o
 .debug_abbrev  0x00002e52      0x282 ./Drivers/STM32F1xx_HAL_Driver/Src/stm32f1xx_hal_tim_ex.o
 .debug_abbrev  0x000030d4      0x2f8 ./Drivers/STM32F1xx_HAL_Driver/Src/stm32f1xx_hal_uart.o

.debug_aranges  0x00000000     0x1108
 .debug_aranges
                0x00000000       0x68 ./Core/Src/adc.o
 .debug_aranges
                0x00000068       0x60 ./Core/Src/config.o
 .debug_aranges
                0x000000c8       0x38 ./Core/Src/globals.o
 .debug_aranges
                0x00000100       0x90 ./Core/Src/main.o
 .debug_aranges
                0x00000190       0xb8 ./Core/Src/modbus.o
 .debug_aranges
                0x00000248       0x50 ./Core/Src/stm32f1xx_hal_msp.o
 .debug_aranges
                0x00000298       0xa8 ./Core/Src/stm32f1xx_it.o
 .debug_aranges
                0x00000340       0x28 ./Core/Src/system_stm32f1xx.o
 .debug_aranges
                0x00000368       0x30 ./Core/Src/utilities.o
 .debug_aranges
                0x00000398       0x28 ./Core/Startup/startup_stm32f103cbtx.o
 .debug_aranges
                0x000003c0       0xe0 ./Drivers/STM32F1xx_HAL_Driver/Src/stm32f1xx_hal.o
 .debug_aranges
                0x000004a0       0xf0 ./Drivers/STM32F1xx_HAL_Driver/Src/stm32f1xx_hal_adc.o
 .debug_aranges
                0x00000590       0x80 ./Drivers/STM32F1xx_HAL_Driver/Src/stm32f1xx_hal_adc_ex.o
 .debug_aranges
                0x00000610      0x100 ./Drivers/STM32F1xx_HAL_Driver/Src/stm32f1xx_hal_cortex.o
 .debug_aranges
                0x00000710       0x80 ./Drivers/STM32F1xx_HAL_Driver/Src/stm32f1xx_hal_dma.o
 .debug_aranges
                0x00000790       0x88 ./Drivers/STM32F1xx_HAL_Driver/Src/stm32f1xx_hal_flash.o
 .debug_aranges
                0x00000818       0x98 ./Drivers/STM32F1xx_HAL_Driver/Src/stm32f1xx_hal_flash_ex.o
 .debug_aranges
                0x000008b0       0x58 ./Drivers/STM32F1xx_HAL_Driver/Src/stm32f1xx_hal_gpio.o
 .debug_aranges
                0x00000908       0x90 ./Drivers/STM32F1xx_HAL_Driver/Src/stm32f1xx_hal_rcc.o
 .debug_aranges
                0x00000998       0x30 ./Drivers/STM32F1xx_HAL_Driver/Src/stm32f1xx_hal_rcc_ex.o
 .debug_aranges
                0x000009c8      0x3d0 ./Drivers/STM32F1xx_HAL_Driver/Src/stm32f1xx_hal_tim.o
 .debug_aranges
                0x00000d98      0x168 ./Drivers/STM32F1xx_HAL_Driver/Src/stm32f1xx_hal_tim_ex.o
 .debug_aranges
                0x00000f00      0x208 ./Drivers/STM32F1xx_HAL_Driver/Src/stm32f1xx_hal_uart.o

.debug_rnglists
                0x00000000      0xd4c
 .debug_rnglists
                0x00000000       0x4d ./Core/Src/adc.o
 .debug_rnglists
                0x0000004d       0x47 ./Core/Src/config.o
 .debug_rnglists
                0x00000094       0x25 ./Core/Src/globals.o
 .debug_rnglists
                0x000000b9       0x6e ./Core/Src/main.o
 .debug_rnglists
                0x00000127       0x9b ./Core/Src/modbus.o
 .debug_rnglists
                0x000001c2       0x3a ./Core/Src/stm32f1xx_hal_msp.o
 .debug_rnglists
                0x000001fc       0x7a ./Core/Src/stm32f1xx_it.o
 .debug_rnglists
                0x00000276       0x1a ./Core/Src/system_stm32f1xx.o
 .debug_rnglists
                0x00000290       0x20 ./Core/Src/utilities.o
 .debug_rnglists
                0x000002b0       0x19 ./Core/Startup/startup_stm32f103cbtx.o
 .debug_rnglists
                0x000002c9       0xa3 ./Drivers/STM32F1xx_HAL_Driver/Src/stm32f1xx_hal.o
 .debug_rnglists
                0x0000036c       0xbc ./Drivers/STM32F1xx_HAL_Driver/Src/stm32f1xx_hal_adc.o
 .debug_rnglists
                0x00000428       0x65 ./Drivers/STM32F1xx_HAL_Driver/Src/stm32f1xx_hal_adc_ex.o
 .debug_rnglists
                0x0000048d       0xbb ./Drivers/STM32F1xx_HAL_Driver/Src/stm32f1xx_hal_cortex.o
 .debug_rnglists
                0x00000548       0x64 ./Drivers/STM32F1xx_HAL_Driver/Src/stm32f1xx_hal_dma.o
 .debug_rnglists
                0x000005ac       0x66 ./Drivers/STM32F1xx_HAL_Driver/Src/stm32f1xx_hal_flash.o
 .debug_rnglists
                0x00000612       0x73 ./Drivers/STM32F1xx_HAL_Driver/Src/stm32f1xx_hal_flash_ex.o
 .debug_rnglists
                0x00000685       0x3f ./Drivers/STM32F1xx_HAL_Driver/Src/stm32f1xx_hal_gpio.o
 .debug_rnglists
                0x000006c4       0x6c ./Drivers/STM32F1xx_HAL_Driver/Src/stm32f1xx_hal_rcc.o
 .debug_rnglists
                0x00000730       0x21 ./Drivers/STM32F1xx_HAL_Driver/Src/stm32f1xx_hal_rcc_ex.o
 .debug_rnglists
                0x00000751      0x31a ./Drivers/STM32F1xx_HAL_Driver/Src/stm32f1xx_hal_tim.o
 .debug_rnglists
                0x00000a6b      0x125 ./Drivers/STM32F1xx_HAL_Driver/Src/stm32f1xx_hal_tim_ex.o
 .debug_rnglists
                0x00000b90      0x1bc ./Drivers/STM32F1xx_HAL_Driver/Src/stm32f1xx_hal_uart.o

.debug_macro    0x00000000    0x19894
 .debug_macro   0x00000000      0x317 ./Core/Src/adc.o
 .debug_macro   0x00000317      0xacc ./Core/Src/adc.o
 .debug_macro   0x00000de3      0x227 ./Core/Src/adc.o
 .debug_macro   0x0000100a       0x2e ./Core/Src/adc.o
 .debug_macro   0x00001038       0x22 ./Core/Src/adc.o
 .debug_macro   0x0000105a       0x22 ./Core/Src/adc.o
 .debug_macro   0x0000107c       0x8e ./Core/Src/adc.o
 .debug_macro   0x0000110a       0x51 ./Core/Src/adc.o
 .debug_macro   0x0000115b      0x103 ./Core/Src/adc.o
 .debug_macro   0x0000125e       0x6a ./Core/Src/adc.o
 .debug_macro   0x000012c8      0x1df ./Core/Src/adc.o
 .debug_macro   0x000014a7       0x1c ./Core/Src/adc.o
 .debug_macro   0x000014c3       0x22 ./Core/Src/adc.o
 .debug_macro   0x000014e5       0xbd ./Core/Src/adc.o
 .debug_macro   0x000015a2      0xd23 ./Core/Src/adc.o
 .debug_macro   0x000022c5     0xe09e ./Core/Src/adc.o
 .debug_macro   0x00010363       0x6d ./Core/Src/adc.o
 .debug_macro   0x000103d0     0x34a2 ./Core/Src/adc.o
 .debug_macro   0x00013872      0x190 ./Core/Src/adc.o
 .debug_macro   0x00013a02       0x5c ./Core/Src/adc.o
 .debug_macro   0x00013a5e      0x5bc ./Core/Src/adc.o
 .debug_macro   0x0001401a      0x289 ./Core/Src/adc.o
 .debug_macro   0x000142a3      0x1cb ./Core/Src/adc.o
 .debug_macro   0x0001446e      0x114 ./Core/Src/adc.o
 .debug_macro   0x00014582      0x1b2 ./Core/Src/adc.o
 .debug_macro   0x00014734       0x27 ./Core/Src/adc.o
 .debug_macro   0x0001475b      0x136 ./Core/Src/adc.o
 .debug_macro   0x00014891      0x1bc ./Core/Src/adc.o
 .debug_macro   0x00014a4d       0x34 ./Core/Src/adc.o
 .debug_macro   0x00014a81       0x3c ./Core/Src/adc.o
 .debug_macro   0x00014abd       0x57 ./Core/Src/adc.o
 .debug_macro   0x00014b14      0x46a ./Core/Src/adc.o
 .debug_macro   0x00014f7e      0x1b5 ./Core/Src/adc.o
 .debug_macro   0x00015133       0x87 ./Core/Src/adc.o
 .debug_macro   0x000151ba      0x240 ./Core/Src/adc.o
 .debug_macro   0x000153fa      0x140 ./Core/Src/adc.o
 .debug_macro   0x0001553a      0x8ed ./Core/Src/adc.o
 .debug_macro   0x00015e27      0x28e ./Core/Src/adc.o
 .debug_macro   0x000160b5       0x83 ./Core/Src/adc.o
 .debug_macro   0x00016138       0x22 ./Core/Src/adc.o
 .debug_macro   0x0001615a       0xd6 ./Core/Src/adc.o
 .debug_macro   0x00016230      0x18a ./Core/Src/adc.o
 .debug_macro   0x000163ba       0xb8 ./Core/Src/adc.o
 .debug_macro   0x00016472       0x2e ./Core/Src/adc.o
 .debug_macro   0x000164a0       0x61 ./Core/Src/adc.o
 .debug_macro   0x00016501       0x24 ./Core/Src/adc.o
 .debug_macro   0x00016525       0x43 ./Core/Src/adc.o
 .debug_macro   0x00016568       0x34 ./Core/Src/adc.o
 .debug_macro   0x0001659c       0x16 ./Core/Src/adc.o
 .debug_macro   0x000165b2       0x3c ./Core/Src/adc.o
 .debug_macro   0x000165ee      0x370 ./Core/Src/adc.o
 .debug_macro   0x0001695e       0x10 ./Core/Src/adc.o
 .debug_macro   0x0001696e       0x16 ./Core/Src/adc.o
 .debug_macro   0x00016984       0x4a ./Core/Src/adc.o
 .debug_macro   0x000169ce       0x34 ./Core/Src/adc.o
 .debug_macro   0x00016a02       0x10 ./Core/Src/adc.o
 .debug_macro   0x00016a12       0x58 ./Core/Src/adc.o
 .debug_macro   0x00016a6a       0x8e ./Core/Src/adc.o
 .debug_macro   0x00016af8       0x1c ./Core/Src/adc.o
 .debug_macro   0x00016b14      0x185 ./Core/Src/adc.o
 .debug_macro   0x00016c99       0x16 ./Core/Src/adc.o
 .debug_macro   0x00016caf       0x16 ./Core/Src/adc.o
 .debug_macro   0x00016cc5      0x146 ./Core/Src/adc.o
 .debug_macro   0x00016e0b       0x34 ./Core/Src/adc.o
 .debug_macro   0x00016e3f       0x16 ./Core/Src/adc.o
 .debug_macro   0x00016e55       0x20 ./Core/Src/adc.o
 .debug_macro   0x00016e75      0x315 ./Core/Src/config.o
 .debug_macro   0x0001718a       0x28 ./Core/Src/config.o
 .debug_macro   0x000171b2      0x1f5 ./Core/Src/globals.o
 .debug_macro   0x000173a7      0x2f8 ./Core/Src/main.o
 .debug_macro   0x0001769f      0x324 ./Core/Src/modbus.o
 .debug_macro   0x000179c3      0x1cf ./Core/Src/stm32f1xx_hal_msp.o
 .debug_macro   0x00017b92      0x212 ./Core/Src/stm32f1xx_it.o
 .debug_macro   0x00017da4      0x1b7 ./Core/Src/system_stm32f1xx.o
 .debug_macro   0x00017f5b      0x1e8 ./Core/Src/utilities.o
 .debug_macro   0x00018143       0x22 ./Core/Src/utilities.o
 .debug_macro   0x00018165      0x1db ./Drivers/STM32F1xx_HAL_Driver/Src/stm32f1xx_hal.o
 .debug_macro   0x00018340      0x1d4 ./Drivers/STM32F1xx_HAL_Driver/Src/stm32f1xx_hal_adc.o
 .debug_macro   0x00018514      0x1c9 ./Drivers/STM32F1xx_HAL_Driver/Src/stm32f1xx_hal_adc_ex.o
 .debug_macro   0x000186dd      0x1b7 ./Drivers/STM32F1xx_HAL_Driver/Src/stm32f1xx_hal_cortex.o
 .debug_macro   0x00018894      0x1b7 ./Drivers/STM32F1xx_HAL_Driver/Src/stm32f1xx_hal_dma.o
 .debug_macro   0x00018a4b      0x1b7 ./Drivers/STM32F1xx_HAL_Driver/Src/stm32f1xx_hal_flash.o
 .debug_macro   0x00018c02      0x1c9 ./Drivers/STM32F1xx_HAL_Driver/Src/stm32f1xx_hal_flash_ex.o
 .debug_macro   0x00018dcb      0x222 ./Drivers/STM32F1xx_HAL_Driver/Src/stm32f1xx_hal_gpio.o
 .debug_macro   0x00018fed      0x1c9 ./Drivers/STM32F1xx_HAL_Driver/Src/stm32f1xx_hal_rcc.o
 .debug_macro   0x000191b6      0x1b7 ./Drivers/STM32F1xx_HAL_Driver/Src/stm32f1xx_hal_rcc_ex.o
 .debug_macro   0x0001936d      0x1b8 ./Drivers/STM32F1xx_HAL_Driver/Src/stm32f1xx_hal_tim.o
 .debug_macro   0x00019525      0x1b7 ./Drivers/STM32F1xx_HAL_Driver/Src/stm32f1xx_hal_tim_ex.o
 .debug_macro   0x000196dc      0x1b8 ./Drivers/STM32F1xx_HAL_Driver/Src/stm32f1xx_hal_uart.o

.debug_line     0x00000000    0x15cc6
 .debug_line    0x00000000      0xdfd ./Core/Src/adc.o
 .debug_line    0x00000dfd      0xdb6 ./Core/Src/config.o
 .debug_line    0x00001bb3      0x891 ./Core/Src/globals.o
 .debug_line    0x00002444      0xe35 ./Core/Src/main.o
 .debug_line    0x00003279     0x1118 ./Core/Src/modbus.o
 .debug_line    0x00004391      0x97e ./Core/Src/stm32f1xx_hal_msp.o
 .debug_line    0x00004d0f      0xa25 ./Core/Src/stm32f1xx_it.o
 .debug_line    0x00005734      0x859 ./Core/Src/system_stm32f1xx.o
 .debug_line    0x00005f8d      0x8b5 ./Core/Src/utilities.o
 .debug_line    0x00006842       0x78 ./Core/Startup/startup_stm32f103cbtx.o
 .debug_line    0x000068ba      0xa8a ./Drivers/STM32F1xx_HAL_Driver/Src/stm32f1xx_hal.o
 .debug_line    0x00007344     0x10af ./Drivers/STM32F1xx_HAL_Driver/Src/stm32f1xx_hal_adc.o
 .debug_line    0x000083f3      0xdd1 ./Drivers/STM32F1xx_HAL_Driver/Src/stm32f1xx_hal_adc_ex.o
 .debug_line    0x000091c4      0xc54 ./Drivers/STM32F1xx_HAL_Driver/Src/stm32f1xx_hal_cortex.o
 .debug_line    0x00009e18      0xe94 ./Drivers/STM32F1xx_HAL_Driver/Src/stm32f1xx_hal_dma.o
 .debug_line    0x0000acac      0xb3e ./Drivers/STM32F1xx_HAL_Driver/Src/stm32f1xx_hal_flash.o
 .debug_line    0x0000b7ea      0xc51 ./Drivers/STM32F1xx_HAL_Driver/Src/stm32f1xx_hal_flash_ex.o
 .debug_line    0x0000c43b      0xae7 ./Drivers/STM32F1xx_HAL_Driver/Src/stm32f1xx_hal_gpio.o
 .debug_line    0x0000cf22      0xf43 ./Drivers/STM32F1xx_HAL_Driver/Src/stm32f1xx_hal_rcc.o
 .debug_line    0x0000de65      0x9f5 ./Drivers/STM32F1xx_HAL_Driver/Src/stm32f1xx_hal_rcc_ex.o
 .debug_line    0x0000e85a     0x3578 ./Drivers/STM32F1xx_HAL_Driver/Src/stm32f1xx_hal_tim.o
 .debug_line    0x00011dd2     0x194e ./Drivers/STM32F1xx_HAL_Driver/Src/stm32f1xx_hal_tim_ex.o
 .debug_line    0x00013720     0x25a6 ./Drivers/STM32F1xx_HAL_Driver/Src/stm32f1xx_hal_uart.o

.debug_str      0x00000000    0x9115e
 .debug_str     0x00000000    0x9115e ./Core/Src/adc.o
                              0x8d119 (size before relaxing)
 .debug_str     0x0009115e    0x8cabb ./Core/Src/config.o
 .debug_str     0x0009115e    0x88eb5 ./Core/Src/globals.o
 .debug_str     0x0009115e    0x8d9a7 ./Core/Src/main.o
 .debug_str     0x0009115e    0x8d46f ./Core/Src/modbus.o
 .debug_str     0x0009115e    0x8931f ./Core/Src/stm32f1xx_hal_msp.o
 .debug_str     0x0009115e    0x899e0 ./Core/Src/stm32f1xx_it.o
 .debug_str     0x0009115e    0x88197 ./Core/Src/system_stm32f1xx.o
 .debug_str     0x0009115e    0x88762 ./Core/Src/utilities.o
 .debug_str     0x0009115e       0x78 ./Core/Startup/startup_stm32f103cbtx.o
 .debug_str     0x0009115e    0x888ca ./Drivers/STM32F1xx_HAL_Driver/Src/stm32f1xx_hal.o
 .debug_str     0x0009115e    0x8887b ./Drivers/STM32F1xx_HAL_Driver/Src/stm32f1xx_hal_adc.o
 .debug_str     0x0009115e    0x8884b ./Drivers/STM32F1xx_HAL_Driver/Src/stm32f1xx_hal_adc_ex.o
 .debug_str     0x0009115e    0x88816 ./Drivers/STM32F1xx_HAL_Driver/Src/stm32f1xx_hal_cortex.o
 .debug_str     0x0009115e    0x88540 ./Drivers/STM32F1xx_HAL_Driver/Src/stm32f1xx_hal_dma.o
 .debug_str     0x0009115e    0x88472 ./Drivers/STM32F1xx_HAL_Driver/Src/stm32f1xx_hal_flash.o
 .debug_str     0x0009115e    0x88620 ./Drivers/STM32F1xx_HAL_Driver/Src/stm32f1xx_hal_flash_ex.o
 .debug_str     0x0009115e    0x8851d ./Drivers/STM32F1xx_HAL_Driver/Src/stm32f1xx_hal_gpio.o
 .debug_str     0x0009115e    0x885c6 ./Drivers/STM32F1xx_HAL_Driver/Src/stm32f1xx_hal_rcc.o
 .debug_str     0x0009115e    0x88316 ./Drivers/STM32F1xx_HAL_Driver/Src/stm32f1xx_hal_rcc_ex.o
 .debug_str     0x0009115e    0x895c8 ./Drivers/STM32F1xx_HAL_Driver/Src/stm32f1xx_hal_tim.o
 .debug_str     0x0009115e    0x88dd4 ./Drivers/STM32F1xx_HAL_Driver/Src/stm32f1xx_hal_tim_ex.o
 .debug_str     0x0009115e    0x88c37 ./Drivers/STM32F1xx_HAL_Driver/Src/stm32f1xx_hal_uart.o

.comment        0x00000000       0x43
 .comment       0x00000000       0x43 ./Core/Src/adc.o
                                 0x44 (size before relaxing)
 .comment       0x00000043       0x44 ./Core/Src/config.o
 .comment       0x00000043       0x44 ./Core/Src/globals.o
 .comment       0x00000043       0x44 ./Core/Src/main.o
 .comment       0x00000043       0x44 ./Core/Src/modbus.o
 .comment       0x00000043       0x44 ./Core/Src/stm32f1xx_hal_msp.o
 .comment       0x00000043       0x44 ./Core/Src/stm32f1xx_it.o
 .comment       0x00000043       0x44 ./Core/Src/system_stm32f1xx.o
 .comment       0x00000043       0x44 ./Core/Src/utilities.o
 .comment       0x00000043       0x44 ./Drivers/STM32F1xx_HAL_Driver/Src/stm32f1xx_hal.o
 .comment       0x00000043       0x44 ./Drivers/STM32F1xx_HAL_Driver/Src/stm32f1xx_hal_adc.o
 .comment       0x00000043       0x44 ./Drivers/STM32F1xx_HAL_Driver/Src/stm32f1xx_hal_adc_ex.o
 .comment       0x00000043       0x44 ./Drivers/STM32F1xx_HAL_Driver/Src/stm32f1xx_hal_cortex.o
 .comment       0x00000043       0x44 ./Drivers/STM32F1xx_HAL_Driver/Src/stm32f1xx_hal_dma.o
 .comment       0x00000043       0x44 ./Drivers/STM32F1xx_HAL_Driver/Src/stm32f1xx_hal_flash.o
 .comment       0x00000043       0x44 ./Drivers/STM32F1xx_HAL_Driver/Src/stm32f1xx_hal_flash_ex.o
 .comment       0x00000043       0x44 ./Drivers/STM32F1xx_HAL_Driver/Src/stm32f1xx_hal_gpio.o
 .comment       0x00000043       0x44 ./Drivers/STM32F1xx_HAL_Driver/Src/stm32f1xx_hal_rcc.o
 .comment       0x00000043       0x44 ./Drivers/STM32F1xx_HAL_Driver/Src/stm32f1xx_hal_rcc_ex.o
 .comment       0x00000043       0x44 ./Drivers/STM32F1xx_HAL_Driver/Src/stm32f1xx_hal_tim.o
 .comment       0x00000043       0x44 ./Drivers/STM32F1xx_HAL_Driver/Src/stm32f1xx_hal_tim_ex.o
 .comment       0x00000043       0x44 ./Drivers/STM32F1xx_HAL_Driver/Src/stm32f1xx_hal_uart.o

.debug_frame    0x00000000     0x4658
 .debug_frame   0x00000000      0x178 ./Core/Src/adc.o
 .debug_frame   0x00000178      0x140 ./Core/Src/config.o
 .debug_frame   0x000002b8       0x9c ./Core/Src/globals.o
 .debug_frame   0x00000354      0x204 ./Core/Src/main.o
 .debug_frame   0x00000558      0x2d0 ./Core/Src/modbus.o
 .debug_frame   0x00000828      0x110 ./Core/Src/stm32f1xx_hal_msp.o
 .debug_frame   0x00000938      0x214 ./Core/Src/stm32f1xx_it.o
 .debug_frame   0x00000b4c       0x58 ./Core/Src/system_stm32f1xx.o
 .debug_frame   0x00000ba4       0x84 ./Core/Src/utilities.o
 .debug_frame   0x00000c28      0x334 ./Drivers/STM32F1xx_HAL_Driver/Src/stm32f1xx_hal.o
 .debug_frame   0x00000f5c      0x40c ./Drivers/STM32F1xx_HAL_Driver/Src/stm32f1xx_hal_adc.o
 .debug_frame   0x00001368      0x200 ./Drivers/STM32F1xx_HAL_Driver/Src/stm32f1xx_hal_adc_ex.o
 .debug_frame   0x00001568      0x428 ./Drivers/STM32F1xx_HAL_Driver/Src/stm32f1xx_hal_cortex.o
 .debug_frame   0x00001990      0x208 ./Drivers/STM32F1xx_HAL_Driver/Src/stm32f1xx_hal_dma.o
 .debug_frame   0x00001b98      0x20c ./Drivers/STM32F1xx_HAL_Driver/Src/stm32f1xx_hal_flash.o
 .debug_frame   0x00001da4      0x258 ./Drivers/STM32F1xx_HAL_Driver/Src/stm32f1xx_hal_flash_ex.o
 .debug_frame   0x00001ffc      0x14c ./Drivers/STM32F1xx_HAL_Driver/Src/stm32f1xx_hal_gpio.o
 .debug_frame   0x00002148      0x218 ./Drivers/STM32F1xx_HAL_Driver/Src/stm32f1xx_hal_rcc.o
 .debug_frame   0x00002360       0x80 ./Drivers/STM32F1xx_HAL_Driver/Src/stm32f1xx_hal_rcc_ex.o
 .debug_frame   0x000023e0     0x11b8 ./Drivers/STM32F1xx_HAL_Driver/Src/stm32f1xx_hal_tim.o
 .debug_frame   0x00003598      0x638 ./Drivers/STM32F1xx_HAL_Driver/Src/stm32f1xx_hal_tim_ex.o
 .debug_frame   0x00003bd0      0x944 ./Drivers/STM32F1xx_HAL_Driver/Src/stm32f1xx_hal_uart.o
 .debug_frame   0x00004514       0x28 C:/Program Files/STMicroelectronics/STM32Cube/STM32CubeIDE/plugins/com.st.stm32cube.ide.mcu.externaltools.gnu-tools-for-stm32.13.3.rel1.win32_1.0.0.202411081344/tools/bin/../lib/gcc/arm-none-eabi/13.3.1/../../../../arm-none-eabi/lib/thumb/v7-m/nofp\libc_nano.a(libc_a-memcmp.o)
 .debug_frame   0x0000453c       0x20 C:/Program Files/STMicroelectronics/STM32Cube/STM32CubeIDE/plugins/com.st.stm32cube.ide.mcu.externaltools.gnu-tools-for-stm32.13.3.rel1.win32_1.0.0.202411081344/tools/bin/../lib/gcc/arm-none-eabi/13.3.1/../../../../arm-none-eabi/lib/thumb/v7-m/nofp\libc_nano.a(libc_a-memset.o)
 .debug_frame   0x0000455c       0x2c C:/Program Files/STMicroelectronics/STM32Cube/STM32CubeIDE/plugins/com.st.stm32cube.ide.mcu.externaltools.gnu-tools-for-stm32.13.3.rel1.win32_1.0.0.202411081344/tools/bin/../lib/gcc/arm-none-eabi/13.3.1/../../../../arm-none-eabi/lib/thumb/v7-m/nofp\libc_nano.a(libc_a-init.o)
 .debug_frame   0x00004588       0x28 C:/Program Files/STMicroelectronics/STM32Cube/STM32CubeIDE/plugins/com.st.stm32cube.ide.mcu.externaltools.gnu-tools-for-stm32.13.3.rel1.win32_1.0.0.202411081344/tools/bin/../lib/gcc/arm-none-eabi/13.3.1/../../../../arm-none-eabi/lib/thumb/v7-m/nofp\libc_nano.a(libc_a-memcpy-stub.o)
 .debug_frame   0x000045b0       0x4c C:/Program Files/STMicroelectronics/STM32Cube/STM32CubeIDE/plugins/com.st.stm32cube.ide.mcu.externaltools.gnu-tools-for-stm32.13.3.rel1.win32_1.0.0.202411081344/tools/bin/../lib/gcc/arm-none-eabi/13.3.1/thumb/v7-m/nofp\libgcc.a(_arm_addsubsf3.o)
 .debug_frame   0x000045fc       0x38 C:/Program Files/STMicroelectronics/STM32Cube/STM32CubeIDE/plugins/com.st.stm32cube.ide.mcu.externaltools.gnu-tools-for-stm32.13.3.rel1.win32_1.0.0.202411081344/tools/bin/../lib/gcc/arm-none-eabi/13.3.1/thumb/v7-m/nofp\libgcc.a(_arm_muldivsf3.o)
 .debug_frame   0x00004634       0x24 C:/Program Files/STMicroelectronics/STM32Cube/STM32CubeIDE/plugins/com.st.stm32cube.ide.mcu.externaltools.gnu-tools-for-stm32.13.3.rel1.win32_1.0.0.202411081344/tools/bin/../lib/gcc/arm-none-eabi/13.3.1/thumb/v7-m/nofp\libgcc.a(_arm_fixunssfsi.o)

.debug_line_str
                0x00000000       0x5c
 .debug_line_str
                0x00000000       0x5c ./Core/Startup/startup_stm32f103cbtx.o
