../Core/Src/main.c:91:5:main	8	static
../Core/Src/main.c:188:6:SystemClock_Config	88	static
../Core/Src/main.c:235:13:MX_ADC1_Init	24	static
../Core/Src/main.c:289:13:MX_TIM2_Init	32	static
../Core/Src/main.c:338:13:MX_TIM3_Init	32	static
../Core/Src/main.c:383:13:MX_TIM4_Init	32	static
../Core/Src/main.c:428:13:MX_USART2_UART_Init	8	static
../Core/Src/main.c:461:13:MX_DMA_Init	16	static
../Core/Src/main.c:485:13:MX_GPIO_Init	40	static
../Core/Src/main.c:550:13:System_Timers_Init	16	static
../Core/Src/main.c:572:13:Check_Reset_Button	8	static
../Core/Src/main.c:609:13:Reset_Communication_Settings	8	static
../Core/Src/main.c:620:6:HAL_TIM_PeriodElapsedCallback	16	static
../Core/Src/main.c:634:6:HAL_ADC_ConvCpltCallback	16	static
../Core/Src/main.c:647:6:Error_Handler	4	static,ignoring_inline_asm
