../Core/Src/modbus.c:87:6:MODBUS_Set_Timeout_Pulse	16	static
../Core/Src/modbus.c:105:10:MODBUS_Calculate_Timeout_Value	24	static
../Core/Src/modbus.c:127:6:MODBUS_Start_Char_Timeout	24	static
../Core/Src/modbus.c:148:6:MODBUS_Stop_Char_Timeout	8	static
../Core/Src/modbus.c:164:6:MODBUS_Timeout_Handler	4	static
../Core/Src/modbus.c:184:9:MODBUS_Check_Write_Permission	24	static
../Core/Src/modbus.c:217:6:MODBUS_Process_Access_Password	16	static
../Core/Src/modbus.c:242:13:MODBUS_Check_Register_Changes	24	static
../Core/Src/modbus.c:275:6:MODBUS_Check_Config_Changes	8	static
../Core/Src/modbus.c:292:6:MODBUS_Set_RS485_TX	8	static
../Core/Src/modbus.c:308:6:MODBUS_Set_RS485_RX	8	static
../Core/Src/modbus.c:324:6:MODBUS_Process	16	static
../Core/Src/modbus.c:365:6:MODBUS_Apply_Config	56	static
../Core/Src/modbus.c:456:13:MODBUS_Process_Request	24	static
../Core/Src/modbus.c:503:13:MODBUS_Process_Read_Holding	40	static
../Core/Src/modbus.c:560:13:MODBUS_Process_Write_Single	32	static
../Core/Src/modbus.c:649:13:MODBUS_Process_Write_Multiple	48	static
../Core/Src/modbus.c:760:13:MODBUS_Send_Exception	24	static
../Core/Src/modbus.c:786:6:HAL_UART_TxCpltCallback	16	static
../Core/Src/modbus.c:802:6:HAL_UART_ErrorCallback	16	static
