../Drivers/CMSIS/Include/core_cm3.h:1762:34:__NVIC_SystemReset	4	static,ignoring_inline_asm
../Core/Src/stm32f1xx_it.c:87:6:NMI_Handler	4	static
../Core/Src/stm32f1xx_it.c:103:6:HardFault_Handler	8	static
../Core/Src/stm32f1xx_it.c:119:6:MemManage_Handler	8	static
../Core/Src/stm32f1xx_it.c:136:6:BusFault_Handler	8	static
../Core/Src/stm32f1xx_it.c:153:6:UsageFault_Handler	8	static
../Core/Src/stm32f1xx_it.c:169:6:SVC_Handler	4	static
../Core/Src/stm32f1xx_it.c:182:6:DebugMon_Handler	4	static
../Core/Src/stm32f1xx_it.c:195:6:PendSV_Handler	4	static
../Core/Src/stm32f1xx_it.c:208:6:SysTick_Handler	8	static
../Core/Src/stm32f1xx_it.c:229:6:DMA1_Channel1_IRQHandler	8	static
../Core/Src/stm32f1xx_it.c:243:6:DMA1_Channel6_IRQHandler	8	static
../Core/Src/stm32f1xx_it.c:257:6:DMA1_Channel7_IRQHandler	8	static
../Core/Src/stm32f1xx_it.c:270:6:ADC1_2_IRQHandler	8	static
../Core/Src/stm32f1xx_it.c:284:6:TIM2_IRQHandler	8	static
../Core/Src/stm32f1xx_it.c:298:6:TIM3_IRQHandler	8	static
../Core/Src/stm32f1xx_it.c:319:6:TIM4_IRQHandler	8	static
../Core/Src/stm32f1xx_it.c:343:6:USART2_IRQHandler	16	static
